Archive member included to satisfy reference by file (symbol)

C:/ST/STM32CubeIDE_1.19.0/STM32CubeIDE/plugins/com.st.stm32cube.ide.mcu.externaltools.gnu-tools-for-stm32.13.3.rel1.win32_1.0.0.202411081344/tools/bin/../lib/gcc/arm-none-eabi/13.3.1/../../../../arm-none-eabi/lib/thumb/v7e-m+fp/hard\libc_nano.a(libc_a-exit.o)
                              C:/ST/STM32CubeIDE_1.19.0/STM32CubeIDE/plugins/com.st.stm32cube.ide.mcu.externaltools.gnu-tools-for-stm32.13.3.rel1.win32_1.0.0.202411081344/tools/bin/../lib/gcc/arm-none-eabi/13.3.1/../../../../arm-none-eabi/lib/thumb/v7e-m+fp/hard/crt0.o (exit)
C:/ST/STM32CubeIDE_1.19.0/STM32CubeIDE/plugins/com.st.stm32cube.ide.mcu.externaltools.gnu-tools-for-stm32.13.3.rel1.win32_1.0.0.202411081344/tools/bin/../lib/gcc/arm-none-eabi/13.3.1/../../../../arm-none-eabi/lib/thumb/v7e-m+fp/hard\libc_nano.a(libc_a-findfp.o)
                              C:/ST/STM32CubeIDE_1.19.0/STM32CubeIDE/plugins/com.st.stm32cube.ide.mcu.externaltools.gnu-tools-for-stm32.13.3.rel1.win32_1.0.0.202411081344/tools/bin/../lib/gcc/arm-none-eabi/13.3.1/../../../../arm-none-eabi/lib/thumb/v7e-m+fp/hard\libc_nano.a(libc_a-exit.o) (__stdio_exit_handler)
C:/ST/STM32CubeIDE_1.19.0/STM32CubeIDE/plugins/com.st.stm32cube.ide.mcu.externaltools.gnu-tools-for-stm32.13.3.rel1.win32_1.0.0.202411081344/tools/bin/../lib/gcc/arm-none-eabi/13.3.1/../../../../arm-none-eabi/lib/thumb/v7e-m+fp/hard\libc_nano.a(libc_a-fwalk.o)
                              C:/ST/STM32CubeIDE_1.19.0/STM32CubeIDE/plugins/com.st.stm32cube.ide.mcu.externaltools.gnu-tools-for-stm32.13.3.rel1.win32_1.0.0.202411081344/tools/bin/../lib/gcc/arm-none-eabi/13.3.1/../../../../arm-none-eabi/lib/thumb/v7e-m+fp/hard\libc_nano.a(libc_a-findfp.o) (_fwalk_sglue)
C:/ST/STM32CubeIDE_1.19.0/STM32CubeIDE/plugins/com.st.stm32cube.ide.mcu.externaltools.gnu-tools-for-stm32.13.3.rel1.win32_1.0.0.202411081344/tools/bin/../lib/gcc/arm-none-eabi/13.3.1/../../../../arm-none-eabi/lib/thumb/v7e-m+fp/hard\libc_nano.a(libc_a-stdio.o)
                              C:/ST/STM32CubeIDE_1.19.0/STM32CubeIDE/plugins/com.st.stm32cube.ide.mcu.externaltools.gnu-tools-for-stm32.13.3.rel1.win32_1.0.0.202411081344/tools/bin/../lib/gcc/arm-none-eabi/13.3.1/../../../../arm-none-eabi/lib/thumb/v7e-m+fp/hard\libc_nano.a(libc_a-findfp.o) (__sread)
C:/ST/STM32CubeIDE_1.19.0/STM32CubeIDE/plugins/com.st.stm32cube.ide.mcu.externaltools.gnu-tools-for-stm32.13.3.rel1.win32_1.0.0.202411081344/tools/bin/../lib/gcc/arm-none-eabi/13.3.1/../../../../arm-none-eabi/lib/thumb/v7e-m+fp/hard\libc_nano.a(libc_a-memset.o)
                              C:/ST/STM32CubeIDE_1.19.0/STM32CubeIDE/plugins/com.st.stm32cube.ide.mcu.externaltools.gnu-tools-for-stm32.13.3.rel1.win32_1.0.0.202411081344/tools/bin/../lib/gcc/arm-none-eabi/13.3.1/../../../../arm-none-eabi/lib/thumb/v7e-m+fp/hard/crt0.o (memset)
C:/ST/STM32CubeIDE_1.19.0/STM32CubeIDE/plugins/com.st.stm32cube.ide.mcu.externaltools.gnu-tools-for-stm32.13.3.rel1.win32_1.0.0.202411081344/tools/bin/../lib/gcc/arm-none-eabi/13.3.1/../../../../arm-none-eabi/lib/thumb/v7e-m+fp/hard\libc_nano.a(libc_a-closer.o)
                              C:/ST/STM32CubeIDE_1.19.0/STM32CubeIDE/plugins/com.st.stm32cube.ide.mcu.externaltools.gnu-tools-for-stm32.13.3.rel1.win32_1.0.0.202411081344/tools/bin/../lib/gcc/arm-none-eabi/13.3.1/../../../../arm-none-eabi/lib/thumb/v7e-m+fp/hard\libc_nano.a(libc_a-stdio.o) (_close_r)
C:/ST/STM32CubeIDE_1.19.0/STM32CubeIDE/plugins/com.st.stm32cube.ide.mcu.externaltools.gnu-tools-for-stm32.13.3.rel1.win32_1.0.0.202411081344/tools/bin/../lib/gcc/arm-none-eabi/13.3.1/../../../../arm-none-eabi/lib/thumb/v7e-m+fp/hard\libc_nano.a(libc_a-reent.o)
                              C:/ST/STM32CubeIDE_1.19.0/STM32CubeIDE/plugins/com.st.stm32cube.ide.mcu.externaltools.gnu-tools-for-stm32.13.3.rel1.win32_1.0.0.202411081344/tools/bin/../lib/gcc/arm-none-eabi/13.3.1/../../../../arm-none-eabi/lib/thumb/v7e-m+fp/hard\libc_nano.a(libc_a-closer.o) (errno)
C:/ST/STM32CubeIDE_1.19.0/STM32CubeIDE/plugins/com.st.stm32cube.ide.mcu.externaltools.gnu-tools-for-stm32.13.3.rel1.win32_1.0.0.202411081344/tools/bin/../lib/gcc/arm-none-eabi/13.3.1/../../../../arm-none-eabi/lib/thumb/v7e-m+fp/hard\libc_nano.a(libc_a-impure.o)
                              C:/ST/STM32CubeIDE_1.19.0/STM32CubeIDE/plugins/com.st.stm32cube.ide.mcu.externaltools.gnu-tools-for-stm32.13.3.rel1.win32_1.0.0.202411081344/tools/bin/../lib/gcc/arm-none-eabi/13.3.1/../../../../arm-none-eabi/lib/thumb/v7e-m+fp/hard\libc_nano.a(libc_a-reent.o) (_impure_ptr)
C:/ST/STM32CubeIDE_1.19.0/STM32CubeIDE/plugins/com.st.stm32cube.ide.mcu.externaltools.gnu-tools-for-stm32.13.3.rel1.win32_1.0.0.202411081344/tools/bin/../lib/gcc/arm-none-eabi/13.3.1/../../../../arm-none-eabi/lib/thumb/v7e-m+fp/hard\libc_nano.a(libc_a-lseekr.o)
[...]
Memory Configuration

Name             Origin             Length             Attributes
CCMRAM           0x10000000         0x00010000         xrw
RAM              0x20000000         0x00030000         xrw
FLASH            0x08000000         0x00200000         xr
*default*        0x00000000         0xffffffff

Linker script and memory map

LOAD C:/ST/STM32CubeIDE_1.19.0/STM32CubeIDE/plugins/com.st.stm32cube.ide.mcu.externaltools.gnu-tools-for-stm32.13.3.rel1.win32_1.0.0.202411081344/tools/bin/../lib/gcc/arm-none-eabi/13.3.1/thumb/v7e-m+fp/hard/crti.o
LOAD C:/ST/STM32CubeIDE_1.19.0/STM32CubeIDE/plugins/com.st.stm32cube.ide.mcu.externaltools.gnu-tools-for-stm32.13.3.rel1.win32_1.0.0.202411081344/tools/bin/../lib/gcc/arm-none-eabi/13.3.1/thumb/v7e-m+fp/hard/crtbegin.o
LOAD C:/ST/STM32CubeIDE_1.19.0/STM32CubeIDE/plugins/com.st.stm32cube.ide.mcu.externaltools.gnu-tools-for-stm32.13.3.rel1.win32_1.0.0.202411081344/tools/bin/../lib/gcc/arm-none-eabi/13.3.1/../../../../arm-none-eabi/lib/thumb/v7e-m+fp/hard/crt0.o
LOAD ./Core/Src/main.o
LOAD ./Core/Src/stm32f4xx_hal_msp.o
LOAD ./Core/Src/stm32f4xx_it.o
LOAD ./Core/Src/syscalls.o
LOAD ./Core/Src/sysmem.o
LOAD ./Core/Src/system_stm32f4xx.o
LOAD ./Core/Src/usb_descriptors.o
LOAD ./Core/Startup/startup_stm32f429zitx.o
LOAD ./Drivers/STM32F4xx_HAL_Driver/Src/stm32f4xx_hal.o
LOAD ./Drivers/STM32F4xx_HAL_Driver/Src/stm32f4xx_hal_cortex.o
LOAD ./Drivers/STM32F4xx_HAL_Driver/Src/stm32f4xx_hal_dma.o
LOAD ./Drivers/STM32F4xx_HAL_Driver/Src/stm32f4xx_hal_dma_ex.o
LOAD ./Drivers/STM32F4xx_HAL_Driver/Src/stm32f4xx_hal_exti.o
LOAD ./Drivers/STM32F4xx_HAL_Driver/Src/stm32f4xx_hal_flash.o
LOAD ./Drivers/STM32F4xx_HAL_Driver/Src/stm32f4xx_hal_flash_ex.o
LOAD ./Drivers/STM32F4xx_HAL_Driver/Src/stm32f4xx_hal_flash_ramfunc.o
LOAD ./Drivers/STM32F4xx_HAL_Driver/Src/stm32f4xx_hal_gpio.o
LOAD ./Drivers/STM32F4xx_HAL_Driver/Src/stm32f4xx_hal_i2s.o
LOAD ./Drivers/STM32F4xx_HAL_Driver/Src/stm32f4xx_hal_i2s_ex.o
LOAD ./Drivers/STM32F4xx_HAL_Driver/Src/stm32f4xx_hal_pcd.o
LOAD ./Drivers/STM32F4xx_HAL_Driver/Src/stm32f4xx_hal_pcd_ex.o
LOAD ./Drivers/STM32F4xx_HAL_Driver/Src/stm32f4xx_hal_pwr.o
LOAD ./Drivers/STM32F4xx_HAL_Driver/Src/stm32f4xx_hal_pwr_ex.o
LOAD ./Drivers/STM32F4xx_HAL_Driver/Src/stm32f4xx_hal_rcc.o
LOAD ./Drivers/STM32F4xx_HAL_Driver/Src/stm32f4xx_hal_rcc_ex.o
LOAD ./Drivers/STM32F4xx_HAL_Driver/Src/stm32f4xx_ll_usb.o
LOAD ./class/audio/audio_device.o
LOAD ./class/bth/bth_device.o
LOAD ./class/cdc/cdc_device.o
LOAD ./class/cdc/cdc_host.o
LOAD ./class/dfu/dfu_device.o
LOAD ./class/dfu/dfu_rt_device.o
LOAD ./class/hid/hid_device.o
LOAD ./class/hid/hid_host.o
LOAD ./class/midi/midi_device.o
LOAD ./class/midi/midi_host.o
LOAD ./class/msc/msc_device.o
LOAD ./class/msc/msc_host.o
LOAD ./class/mtp/mtp_device.o
LOAD ./class/net/ecm_rndis_device.o
LOAD ./class/net/ncm_device.o
LOAD ./class/usbtmc/usbtmc_device.o
LOAD ./class/vendor/vendor_device.o
LOAD ./class/vendor/vendor_host.o
LOAD ./class/video/video_device.o
LOAD ./common/tusb_fifo.o
LOAD ./device/usbd.o
LOAD ./device/usbd_control.o
LOAD ./host/hub.o
LOAD ./host/usbh.o
LOAD ./portable/analog/max3421/hcd_max3421.o
LOAD ./portable/bridgetek/ft9xx/dcd_ft9xx.o
LOAD ./portable/chipidea/ci_fs/dcd_ci_fs.o
LOAD ./portable/chipidea/ci_hs/dcd_ci_hs.o
LOAD ./portable/chipidea/ci_hs/hcd_ci_hs.o
LOAD ./portable/dialog/da146xx/dcd_da146xx.o
LOAD ./portable/ehci/ehci.o
LOAD ./portable/mentor/musb/dcd_musb.o
LOAD ./portable/mentor/musb/hcd_musb.o
LOAD ./portable/microchip/pic/dcd_pic.o
LOAD ./portable/microchip/pic32mz/dcd_pic32mz.o
LOAD ./portable/microchip/samd/dcd_samd.o
LOAD ./portable/microchip/samd/hcd_samd.o
LOAD ./portable/microchip/samg/dcd_samg.o
LOAD ./portable/microchip/samx7x/dcd_samx7x.o
LOAD ./portable/mindmotion/mm32/dcd_mm32f327x_otg.o
LOAD ./portable/nordic/nrf5x/dcd_nrf5x.o
LOAD ./portable/nuvoton/nuc120/dcd_nuc120.o
LOAD ./portable/nuvoton/nuc121/dcd_nuc121.o
LOAD ./portable/nuvoton/nuc505/dcd_nuc505.o
LOAD ./portable/nxp/khci/dcd_khci.o
LOAD ./portable/nxp/khci/hcd_khci.o
LOAD ./portable/nxp/lpc17_40/dcd_lpc17_40.o
LOAD ./portable/nxp/lpc_ip3511/dcd_lpc_ip3511.o
LOAD ./portable/ohci/ohci.o
LOAD ./portable/raspberrypi/pio_usb/dcd_pio_usb.o
LOAD ./portable/raspberrypi/pio_usb/hcd_pio_usb.o
LOAD ./portable/raspberrypi/rp2040/dcd_rp2040.o
LOAD ./portable/raspberrypi/rp2040/hcd_rp2040.o
LOAD ./portable/raspberrypi/rp2040/rp2040_usb.o
LOAD ./portable/renesas/rusb2/dcd_rusb2.o
LOAD ./portable/renesas/rusb2/hcd_rusb2.o
LOAD ./portable/renesas/rusb2/rusb2_common.o
LOAD ./portable/sony/cxd56/dcd_cxd56.o
LOAD ./portable/st/stm32_fsdev/dcd_stm32_fsdev.o
LOAD ./portable/st/stm32_fsdev/fsdev_common.o
LOAD ./portable/st/stm32_fsdev/hcd_stm32_fsdev.o
LOAD ./portable/st/typec/typec_stm32.o
LOAD ./portable/sunxi/dcd_sunxi_musb.o
LOAD ./portable/synopsys/dwc2/dcd_dwc2.o
LOAD ./portable/synopsys/dwc2/dwc2_common.o
LOAD ./portable/synopsys/dwc2/hcd_dwc2.o
LOAD ./portable/template/dcd_template.o
LOAD ./portable/template/hcd_template.o
LOAD ./portable/ti/msp430x5xx/dcd_msp430x5xx.o
LOAD ./portable/valentyusb/eptri/dcd_eptri.o
LOAD ./portable/wch/dcd_ch32_usbfs.o
LOAD ./portable/wch/dcd_ch32_usbhs.o
LOAD ./portable/wch/hcd_ch32_usbfs.o
LOAD ./tusb.o
LOAD ./typec/usbc.o
START GROUP
LOAD C:/ST/STM32CubeIDE_1.19.0/STM32CubeIDE/plugins/com.st.stm32cube.ide.mcu.externaltools.gnu-tools-for-stm32.13.3.rel1.win32_1.0.0.202411081344/tools/bin/../lib/gcc/arm-none-eabi/13.3.1/../../../../arm-none-eabi/lib/thumb/v7e-m+fp/hard\libc_nano.a
LOAD C:/ST/STM32CubeIDE_1.19.0/STM32CubeIDE/plugins/com.st.stm32cube.ide.mcu.externaltools.gnu-tools-for-stm32.13.3.rel1.win32_1.0.0.202411081344/tools/bin/../lib/gcc/arm-none-eabi/13.3.1/../../../../arm-none-eabi/lib/thumb/v7e-m+fp/hard\libm.a
END GROUP
START GROUP
LOAD C:/ST/STM32CubeIDE_1.19.0/STM32CubeIDE/plugins/com.st.stm32cube.ide.mcu.externaltools.gnu-tools-for-stm32.13.3.rel1.win32_1.0.0.202411081344/tools/bin/../lib/gcc/arm-none-eabi/13.3.1/thumb/v7e-m+fp/hard\libgcc.a
LOAD C:/ST/STM32CubeIDE_1.19.0/STM32CubeIDE/plugins/com.st.stm32cube.ide.mcu.externaltools.gnu-tools-for-stm32.13.3.rel1.win32_1.0.0.202411081344/tools/bin/../lib/gcc/arm-none-eabi/13.3.1/../../../../arm-none-eabi/lib/thumb/v7e-m+fp/hard\libc_nano.a
END GROUP
START GROUP
LOAD C:/ST/STM32CubeIDE_1.19.0/STM32CubeIDE/plugins/com.st.stm32cube.ide.mcu.externaltools.gnu-tools-for-stm32.13.3.rel1.win32_1.0.0.202411081344/tools/bin/../lib/gcc/arm-none-eabi/13.3.1/thumb/v7e-m+fp/hard\libgcc.a
LOAD C:/ST/STM32CubeIDE_1.19.0/STM32CubeIDE/plugins/com.st.stm32cube.ide.mcu.externaltools.gnu-tools-for-stm32.13.3.rel1.win32_1.0.0.202411081344/tools/bin/../lib/gcc/arm-none-eabi/13.3.1/../../../../arm-none-eabi/lib/thumb/v7e-m+fp/hard\libc_nano.a
LOAD C:/ST/STM32CubeIDE_1.19.0/STM32CubeIDE/plugins/com.st.stm32cube.ide.mcu.externaltools.gnu-tools-for-stm32.13.3.rel1.win32_1.0.0.202411081344/tools/bin/../lib/gcc/arm-none-eabi/13.3.1/../../../../arm-none-eabi/lib/thumb/v7e-m+fp/hard\libnosys.a
END GROUP
START GROUP
LOAD C:/ST/STM32CubeIDE_1.19.0/STM32CubeIDE/plugins/com.st.stm32cube.ide.mcu.externaltools.gnu-tools-for-stm32.13.3.rel1.win32_1.0.0.202411081344/tools/bin/../lib/gcc/arm-none-eabi/13.3.1/thumb/v7e-m+fp/hard\libgcc.a
LOAD C:/ST/STM32CubeIDE_1.19.0/STM32CubeIDE/plugins/com.st.stm32cube.ide.mcu.externaltools.gnu-tools-for-stm32.13.3.rel1.win32_1.0.0.202411081344/tools/bin/../lib/gcc/arm-none-eabi/13.3.1/../../../../arm-none-eabi/lib/thumb/v7e-m+fp/hard\libc_nano.a
LOAD C:/ST/STM32CubeIDE_1.19.0/STM32CubeIDE/plugins/com.st.stm32cube.ide.mcu.externaltools.gnu-tools-for-stm32.13.3.rel1.win32_1.0.0.202411081344/tools/bin/../lib/gcc/arm-none-eabi/13.3.1/../../../../arm-none-eabi/lib/thumb/v7e-m+fp/hard\libnosys.a
END GROUP
LOAD C:/ST/STM32CubeIDE_1.19.0/STM32CubeIDE/plugins/com.st.stm32cube.ide.mcu.externaltools.gnu-tools-for-stm32.13.3.rel1.win32_1.0.0.202411081344/tools/bin/../lib/gcc/arm-none-eabi/13.3.1/thumb/v7e-m+fp/hard/crtend.o
LOAD C:/ST/STM32CubeIDE_1.19.0/STM32CubeIDE/plugins/com.st.stm32cube.ide.mcu.externaltools.gnu-tools-for-stm32.13.3.rel1.win32_1.0.0.202411081344/tools/bin/../lib/gcc/arm-none-eabi/13.3.1/thumb/v7e-m+fp/hard/crtn.o
                0x20030000                        _estack = (ORIGIN (RAM) + LENGTH (RAM))
                0x00000200                        _Min_Heap_Size = 0x200
                0x00000400                        _Min_Stack_Size = 0x400

.isr_vector     0x08000000      0x1ac
                0x08000000                        . = ALIGN (0x4)
 *(.isr_vector)
 .isr_vector    0x08000000      0x1ac ./Core/Startup/startup_stm32f429zitx.o
                0x08000000                g_pfnVectors
                0x080001ac                        . = ALIGN (0x4)

.text           0x080001ac     0xa064
                0x080001ac                        . = ALIGN (0x4)
 *(.text)
 .text          0x080001ac       0x40 C:/ST/STM32CubeIDE_1.19.0/STM32CubeIDE/plugins/com.st.stm32cube.ide.mcu.externaltools.gnu-tools-for-stm32.13.3.rel1.win32_1.0.0.202411081344/tools/bin/../lib/gcc/arm-none-eabi/13.3.1/thumb/v7e-m+fp/hard/crtbegin.o
 .text          0x080001ec       0x10 C:/ST/STM32CubeIDE_1.19.0/STM32CubeIDE/plugins/com.st.stm32cube.ide.mcu.externaltools.gnu-tools-for-stm32.13.3.rel1.win32_1.0.0.202411081344/tools/bin/../lib/gcc/arm-none-eabi/13.3.1/../../../../arm-none-eabi/lib/thumb/v7e-m+fp/hard\libc_nano.a(libc_a-strlen.o)
                0x080001ec                strlen
 .text          0x080001fc       0x30 C:/ST/STM32CubeIDE_1.19.0/STM32CubeIDE/plugins/com.st.stm32cube.ide.mcu.externaltools.gnu-tools-for-stm32.13.3.rel1.win32_1.0.0.202411081344/tools/bin/../lib/gcc/arm-none-eabi/13.3.1/thumb/v7e-m+fp/hard\libgcc.a(_aeabi_uldivmod.o)
                0x080001fc                __aeabi_uldivmod
 .text          0x0800022c      0x2f8 C:/ST/STM32CubeIDE_1.19.0/STM32CubeIDE/plugins/com.st.stm32cube.ide.mcu.externaltools.gnu-tools-for-stm32.13.3.rel1.win32_1.0.0.202411081344/tools/bin/../lib/gcc/arm-none-eabi/13.3.1/thumb/v7e-m+fp/hard\libgcc.a(_udivmoddi4.o)
                0x0800022c                __udivmoddi4
 .text          0x08000524        0x4 C:/ST/STM32CubeIDE_1.19.0/STM32CubeIDE/plugins/com.st.stm32cube.ide.mcu.externaltools.gnu-tools-for-stm32.13.3.rel1.win32_1.0.0.202411081344/tools/bin/../lib/gcc/arm-none-eabi/13.3.1/thumb/v7e-m+fp/hard\libgcc.a(_dvmd_tls.o)
                0x08000524                __aeabi_idiv0
                0x08000524                __aeabi_ldiv0
 *(.text*)
 .text.main     0x08000528       0x34 ./Core/Src/main.o
                0x08000528                main
 .text.SystemClock_Config
                0x0800055c       0xd4 ./Core/Src/main.o
                0x0800055c                SystemClock_Config
 .text.MX_I2S3_Init
                0x08000630       0x5c ./Core/Src/main.o
 .text.MX_USB_OTG_FS_PCD_Init
                0x0800068c       0x5c ./Core/Src/main.o
 .text.MX_DMA_Init
                0x080006e8       0x40 ./Core/Src/main.o
 .text.MX_GPIO_Init
                0x08000728      0x208 ./Core/Src/main.o
 .text.Error_Handler
                0x08000930        0xc ./Core/Src/main.o
                0x08000930                Error_Handler
 .text.HAL_MspInit
                0x0800093c       0x50 ./Core/Src/stm32f4xx_hal_msp.o
                0x0800093c                HAL_MspInit
 .text.HAL_I2S_MspInit
                0x0800098c      0x16c ./Core/Src/stm32f4xx_hal_msp.o
                0x0800098c                HAL_I2S_MspInit
 .text.HAL_PCD_MspInit
                0x08000af8       0xc4 ./Core/Src/stm32f4xx_hal_msp.o
                0x08000af8                HAL_PCD_MspInit
 .text.NMI_Handler
                0x08000bbc        0x8 ./Core/Src/stm32f4xx_it.o
                0x08000bbc                NMI_Handler
 .text.HardFault_Handler
                0x08000bc4        0x8 ./Core/Src/stm32f4xx_it.o
                0x08000bc4                HardFault_Handler
 .text.MemManage_Handler
                0x08000bcc        0x8 ./Core/Src/stm32f4xx_it.o
                0x08000bcc                MemManage_Handler
 .text.BusFault_Handler
                0x08000bd4        0x8 ./Core/Src/stm32f4xx_it.o
                0x08000bd4                BusFault_Handler
 .text.UsageFault_Handler
                0x08000bdc        0x8 ./Core/Src/stm32f4xx_it.o
                0x08000bdc                UsageFault_Handler
 .text.SVC_Handler
                0x08000be4        0xe ./Core/Src/stm32f4xx_it.o
                0x08000be4                SVC_Handler
 .text.DebugMon_Handler
                0x08000bf2        0xe ./Core/Src/stm32f4xx_it.o
                0x08000bf2                DebugMon_Handler
 .text.PendSV_Handler
                0x08000c00        0xe ./Core/Src/stm32f4xx_it.o
                0x08000c00                PendSV_Handler
 .text.SysTick_Handler
                0x08000c0e        0xc ./Core/Src/stm32f4xx_it.o
                0x08000c0e                SysTick_Handler
 *fill*         0x08000c1a        0x2 
 .text.DMA1_Stream5_IRQHandler
                0x08000c1c       0x14 ./Core/Src/stm32f4xx_it.o
                0x08000c1c                DMA1_Stream5_IRQHandler
 .text.OTG_FS_IRQHandler
                0x08000c30        0xe ./Core/Src/stm32f4xx_it.o
                0x08000c30                OTG_FS_IRQHandler
 *fill*         0x08000c3e        0x2 
 .text.SystemInit
                0x08000c40       0x24 ./Core/Src/system_stm32f4xx.o
                0x08000c40                SystemInit
 .text.tud_descriptor_device_cb
                0x08000c64       0x14 ./Core/Src/usb_descriptors.o
                0x08000c64                tud_descriptor_device_cb
 .text.tud_descriptor_configuration_cb
                0x08000c78       0x1c ./Core/Src/usb_descriptors.o
                0x08000c78                tud_descriptor_configuration_cb
 .text.tud_descriptor_string_cb
                0x08000c94       0xf0 ./Core/Src/usb_descriptors.o
                0x08000c94                tud_descriptor_string_cb
 .text.Reset_Handler
                0x08000d84       0x50 ./Core/Startup/startup_stm32f429zitx.o
                0x08000d84                Reset_Handler
 .text.Default_Handler
                0x08000dd4        0x2 ./Core/Startup/startup_stm32f429zitx.o
                0x08000dd4                RTC_Alarm_IRQHandler
                0x08000dd4                HASH_RNG_IRQHandler
                0x08000dd4                EXTI2_IRQHandler
                0x08000dd4                TIM8_CC_IRQHandler
                0x08000dd4                UART8_IRQHandler
                0x08000dd4                SPI4_IRQHandler
                0x08000dd4                TIM1_CC_IRQHandler
                0x08000dd4                DMA2_Stream5_IRQHandler
                0x08000dd4                PVD_IRQHandler
                0x08000dd4                SDIO_IRQHandler
                0x08000dd4                TAMP_STAMP_IRQHandler
                0x08000dd4                CAN2_RX1_IRQHandler
                0x08000dd4                EXTI3_IRQHandler
                0x08000dd4                TIM8_TRG_COM_TIM14_IRQHandler
                0x08000dd4                TIM1_UP_TIM10_IRQHandler
                0x08000dd4                TIM8_UP_TIM13_IRQHandler
                0x08000dd4                I2C3_ER_IRQHandler
                0x08000dd4                EXTI0_IRQHandler
                0x08000dd4                I2C2_EV_IRQHandler
                0x08000dd4                DMA1_Stream2_IRQHandler
                0x08000dd4                CAN1_RX0_IRQHandler
                0x08000dd4                FPU_IRQHandler
                0x08000dd4                OTG_HS_WKUP_IRQHandler
                0x08000dd4                LTDC_ER_IRQHandler
                0x08000dd4                CAN2_SCE_IRQHandler
                0x08000dd4                DMA2_Stream2_IRQHandler
                0x08000dd4                SPI1_IRQHandler
                0x08000dd4                TIM6_DAC_IRQHandler
                0x08000dd4                TIM1_BRK_TIM9_IRQHandler
                0x08000dd4                DCMI_IRQHandler
                0x08000dd4                CAN2_RX0_IRQHandler
                0x08000dd4                DMA2_Stream3_IRQHandler
                0x08000dd4                USART6_IRQHandler
                0x08000dd4                USART3_IRQHandler
                0x08000dd4                CAN1_RX1_IRQHandler
                0x08000dd4                UART5_IRQHandler
                0x08000dd4                DMA2_Stream0_IRQHandler
                0x08000dd4                TIM4_IRQHandler
                0x08000dd4                I2C1_EV_IRQHandler
                0x08000dd4                DMA1_Stream6_IRQHandler
                0x08000dd4                DMA1_Stream1_IRQHandler
                0x08000dd4                UART4_IRQHandler
                0x08000dd4                TIM3_IRQHandler
                0x08000dd4                RCC_IRQHandler
                0x08000dd4                TIM8_BRK_TIM12_IRQHandler
                0x08000dd4                Default_Handler
                0x08000dd4                EXTI15_10_IRQHandler
                0x08000dd4                ADC_IRQHandler
                0x08000dd4                DMA1_Stream7_IRQHandler
                0x08000dd4                SPI5_IRQHandler
                0x08000dd4                TIM7_IRQHandler
                0x08000dd4                CAN2_TX_IRQHandler
                0x08000dd4                TIM5_IRQHandler
                0x08000dd4                DMA2_Stream7_IRQHandler
                0x08000dd4                I2C3_EV_IRQHandler
                0x08000dd4                EXTI9_5_IRQHandler
                0x08000dd4                RTC_WKUP_IRQHandler
                0x08000dd4                LTDC_IRQHandler
                0x08000dd4                ETH_WKUP_IRQHandler
                0x08000dd4                SPI2_IRQHandler
                0x08000dd4                OTG_HS_EP1_IN_IRQHandler
                0x08000dd4                DMA1_Stream0_IRQHandler
                0x08000dd4                CAN1_TX_IRQHandler
                0x08000dd4                EXTI4_IRQHandler
                0x08000dd4                ETH_IRQHandler
                0x08000dd4                OTG_HS_EP1_OUT_IRQHandler
                0x08000dd4                WWDG_IRQHandler
                0x08000dd4                SPI6_IRQHandler
                0x08000dd4                TIM2_IRQHandler
                0x08000dd4                OTG_FS_WKUP_IRQHandler
                0x08000dd4                TIM1_TRG_COM_TIM11_IRQHandler
                0x08000dd4                OTG_HS_IRQHandler
                0x08000dd4                DMA2D_IRQHandler
                0x08000dd4                EXTI1_IRQHandler
                0x08000dd4                UART7_IRQHandler
                0x08000dd4                USART2_IRQHandler
                0x08000dd4                I2C2_ER_IRQHandler
                0x08000dd4                DMA2_Stream1_IRQHandler
                0x08000dd4                CAN1_SCE_IRQHandler
                0x08000dd4                FLASH_IRQHandler
                0x08000dd4                DMA2_Stream4_IRQHandler
                0x08000dd4                USART1_IRQHandler
                0x08000dd4                SPI3_IRQHandler
                0x08000dd4                DMA1_Stream4_IRQHandler
                0x08000dd4                I2C1_ER_IRQHandler
                0x08000dd4                FMC_IRQHandler
                0x08000dd4                DMA2_Stream6_IRQHandler
                0x08000dd4                SAI1_IRQHandler
                0x08000dd4                DMA1_Stream3_IRQHandler
 *fill*         0x08000dd6        0x2 
 .text.HAL_Init
                0x08000dd8       0x44 ./Drivers/STM32F4xx_HAL_Driver/Src/stm32f4xx_hal.o
                0x08000dd8                HAL_Init
 .text.HAL_InitTick
                0x08000e1c       0x60 ./Drivers/STM32F4xx_HAL_Driver/Src/stm32f4xx_hal.o
                0x08000e1c                HAL_InitTick
 .text.HAL_IncTick
                0x08000e7c       0x28 ./Drivers/STM32F4xx_HAL_Driver/Src/stm32f4xx_hal.o
                0x08000e7c                HAL_IncTick
 .text.HAL_GetTick
                0x08000ea4       0x18 ./Drivers/STM32F4xx_HAL_Driver/Src/stm32f4xx_hal.o
                0x08000ea4                HAL_GetTick
 .text.HAL_Delay
                0x08000ebc       0x48 ./Drivers/STM32F4xx_HAL_Driver/Src/stm32f4xx_hal.o
                0x08000ebc                HAL_Delay
 .text.__NVIC_SetPriorityGrouping
                0x08000f04       0x48 ./Drivers/STM32F4xx_HAL_Driver/Src/stm32f4xx_hal_cortex.o
 .text.__NVIC_GetPriorityGrouping
                0x08000f4c       0x1c ./Drivers/STM32F4xx_HAL_Driver/Src/stm32f4xx_hal_cortex.o
 .text.__NVIC_EnableIRQ
                0x08000f68       0x3c ./Drivers/STM32F4xx_HAL_Driver/Src/stm32f4xx_hal_cortex.o
 .text.__NVIC_SetPriority
                0x08000fa4       0x54 ./Drivers/STM32F4xx_HAL_Driver/Src/stm32f4xx_hal_cortex.o
 .text.NVIC_EncodePriority
                0x08000ff8       0x66 ./Drivers/STM32F4xx_HAL_Driver/Src/stm32f4xx_hal_cortex.o
 *fill*         0x0800105e        0x2 
 .text.SysTick_Config
                0x08001060       0x44 ./Drivers/STM32F4xx_HAL_Driver/Src/stm32f4xx_hal_cortex.o
 .text.HAL_NVIC_SetPriorityGrouping
                0x080010a4       0x16 ./Drivers/STM32F4xx_HAL_Driver/Src/stm32f4xx_hal_cortex.o
                0x080010a4                HAL_NVIC_SetPriorityGrouping
 .text.HAL_NVIC_SetPriority
                0x080010ba       0x38 ./Drivers/STM32F4xx_HAL_Driver/Src/stm32f4xx_hal_cortex.o
                0x080010ba                HAL_NVIC_SetPriority
 .text.HAL_NVIC_EnableIRQ
                0x080010f2       0x1c ./Drivers/STM32F4xx_HAL_Driver/Src/stm32f4xx_hal_cortex.o
                0x080010f2                HAL_NVIC_EnableIRQ
 .text.HAL_SYSTICK_Config
                0x0800110e       0x18 ./Drivers/STM32F4xx_HAL_Driver/Src/stm32f4xx_hal_cortex.o
                0x0800110e                HAL_SYSTICK_Config
 *fill*         0x08001126        0x2 
 .text.HAL_DMA_Init
                0x08001128      0x15c ./Drivers/STM32F4xx_HAL_Driver/Src/stm32f4xx_hal_dma.o
                0x08001128                HAL_DMA_Init
 .text.HAL_DMA_IRQHandler
                0x08001284      0x314 ./Drivers/STM32F4xx_HAL_Driver/Src/stm32f4xx_hal_dma.o
                0x08001284                HAL_DMA_IRQHandler
 .text.DMA_CalcBaseAndBitshift
                0x08001598       0x6c ./Drivers/STM32F4xx_HAL_Driver/Src/stm32f4xx_hal_dma.o
 .text.DMA_CheckFifoParam
                0x08001604       0xf8 ./Drivers/STM32F4xx_HAL_Driver/Src/stm32f4xx_hal_dma.o
 .text.HAL_GPIO_Init
                0x080016fc      0x358 ./Drivers/STM32F4xx_HAL_Driver/Src/stm32f4xx_hal_gpio.o
                0x080016fc                HAL_GPIO_Init
 .text.HAL_GPIO_WritePin
                0x08001a54       0x32 ./Drivers/STM32F4xx_HAL_Driver/Src/stm32f4xx_hal_gpio.o
                0x08001a54                HAL_GPIO_WritePin
 *fill*         0x08001a86        0x2 
 .text.HAL_I2S_Init
                0x08001a88      0x280 ./Drivers/STM32F4xx_HAL_Driver/Src/stm32f4xx_hal_i2s.o
                0x08001a88                HAL_I2S_Init
 .text.HAL_I2S_TxCpltCallback
                0x08001d08       0x14 ./Drivers/STM32F4xx_HAL_Driver/Src/stm32f4xx_hal_i2s.o
                0x08001d08                HAL_I2S_TxCpltCallback
 .text.HAL_I2S_RxCpltCallback
                0x08001d1c       0x14 ./Drivers/STM32F4xx_HAL_Driver/Src/stm32f4xx_hal_i2s.o
                0x08001d1c                HAL_I2S_RxCpltCallback
 .text.HAL_I2S_ErrorCallback
                0x08001d30       0x14 ./Drivers/STM32F4xx_HAL_Driver/Src/stm32f4xx_hal_i2s.o
                0x08001d30                HAL_I2S_ErrorCallback
 .text.I2S_Transmit_IT
                0x08001d44       0x5c ./Drivers/STM32F4xx_HAL_Driver/Src/stm32f4xx_hal_i2s.o
 .text.I2S_Receive_IT
                0x08001da0       0x5e ./Drivers/STM32F4xx_HAL_Driver/Src/stm32f4xx_hal_i2s.o
 .text.I2S_IRQHandler
                0x08001dfe      0x114 ./Drivers/STM32F4xx_HAL_Driver/Src/stm32f4xx_hal_i2s.o
 *fill*         0x08001f12        0x2 
 .text.HAL_I2SEx_FullDuplex_IRQHandler
                0x08001f14      0x2a8 ./Drivers/STM32F4xx_HAL_Driver/Src/stm32f4xx_hal_i2s_ex.o
                0x08001f14                HAL_I2SEx_FullDuplex_IRQHandler
 .text.HAL_I2SEx_TxRxCpltCallback
                0x080021bc       0x14 ./Drivers/STM32F4xx_HAL_Driver/Src/stm32f4xx_hal_i2s_ex.o
                0x080021bc                HAL_I2SEx_TxRxCpltCallback
 .text.I2SEx_TxISR_I2S
                0x080021d0       0x62 ./Drivers/STM32F4xx_HAL_Driver/Src/stm32f4xx_hal_i2s_ex.o
 *fill*         0x08002232        0x2 
 .text.I2SEx_TxISR_I2SExt
                0x08002234       0x98 ./Drivers/STM32F4xx_HAL_Driver/Src/stm32f4xx_hal_i2s_ex.o
 .text.I2SEx_RxISR_I2S
                0x080022cc       0x64 ./Drivers/STM32F4xx_HAL_Driver/Src/stm32f4xx_hal_i2s_ex.o
 .text.I2SEx_RxISR_I2SExt
                0x08002330       0x98 ./Drivers/STM32F4xx_HAL_Driver/Src/stm32f4xx_hal_i2s_ex.o
 .text.HAL_PCD_Init
                0x080023c8      0x21e ./Drivers/STM32F4xx_HAL_Driver/Src/stm32f4xx_hal_pcd.o
                0x080023c8                HAL_PCD_Init
 *fill*         0x080025e6        0x2 
 .text.HAL_RCC_OscConfig
                0x080025e8      0x4f0 ./Drivers/STM32F4xx_HAL_Driver/Src/stm32f4xx_hal_rcc.o
                0x080025e8                HAL_RCC_OscConfig
 .text.HAL_RCC_ClockConfig
                0x08002ad8      0x1cc ./Drivers/STM32F4xx_HAL_Driver/Src/stm32f4xx_hal_rcc.o
                0x08002ad8                HAL_RCC_ClockConfig
 .text.HAL_RCC_GetSysClockFreq
                0x08002ca4      0x20c ./Drivers/STM32F4xx_HAL_Driver/Src/stm32f4xx_hal_rcc.o
                0x08002ca4                HAL_RCC_GetSysClockFreq
 .text.HAL_RCCEx_PeriphCLKConfig
                0x08002eb0      0x380 ./Drivers/STM32F4xx_HAL_Driver/Src/stm32f4xx_hal_rcc_ex.o
                0x08002eb0                HAL_RCCEx_PeriphCLKConfig
 .text.HAL_RCCEx_GetPeriphCLKFreq
                0x08003230       0xc0 ./Drivers/STM32F4xx_HAL_Driver/Src/stm32f4xx_hal_rcc_ex.o
                0x08003230                HAL_RCCEx_GetPeriphCLKFreq
 .text.USB_CoreInit
                0x080032f0       0xc8 ./Drivers/STM32F4xx_HAL_Driver/Src/stm32f4xx_ll_usb.o
                0x080032f0                USB_CoreInit
 .text.USB_DisableGlobalInt
                0x080033b8       0x22 ./Drivers/STM32F4xx_HAL_Driver/Src/stm32f4xx_ll_usb.o
                0x080033b8                USB_DisableGlobalInt
 .text.USB_SetCurrentMode
                0x080033da       0x98 ./Drivers/STM32F4xx_HAL_Driver/Src/stm32f4xx_ll_usb.o
                0x080033da                USB_SetCurrentMode
 *fill*         0x08003472        0x2 
 .text.USB_DevInit
                0x08003474      0x2c8 ./Drivers/STM32F4xx_HAL_Driver/Src/stm32f4xx_ll_usb.o
                0x08003474                USB_DevInit
 .text.USB_FlushTxFifo
                0x0800373c       0x64 ./Drivers/STM32F4xx_HAL_Driver/Src/stm32f4xx_ll_usb.o
                0x0800373c                USB_FlushTxFifo
 .text.USB_FlushRxFifo
                0x080037a0       0x5c ./Drivers/STM32F4xx_HAL_Driver/Src/stm32f4xx_ll_usb.o
                0x080037a0                USB_FlushRxFifo
 .text.USB_SetDevSpeed
                0x080037fc       0x32 ./Drivers/STM32F4xx_HAL_Driver/Src/stm32f4xx_ll_usb.o
                0x080037fc                USB_SetDevSpeed
 .text.USB_DevDisconnect
                0x0800382e       0x42 ./Drivers/STM32F4xx_HAL_Driver/Src/stm32f4xx_ll_usb.o
                0x0800382e                USB_DevDisconnect
 .text.USB_GetMode
                0x08003870       0x1c ./Drivers/STM32F4xx_HAL_Driver/Src/stm32f4xx_ll_usb.o
                0x08003870                USB_GetMode
 .text.USB_CoreReset
                0x0800388c       0x70 ./Drivers/STM32F4xx_HAL_Driver/Src/stm32f4xx_ll_usb.o
 .text.tud_audio_tx_done_isr
                0x080038fc       0x2a ./class/audio/audio_device.o
                0x080038fc                tud_audio_tx_done_isr
 .text.tud_audio_rx_done_isr
                0x08003926       0x2a ./class/audio/audio_device.o
                0x08003926                tud_audio_rx_done_isr
 .text.tud_audio_int_done_cb
                0x08003950       0x16 ./class/audio/audio_device.o
                0x08003950                tud_audio_int_done_cb
 .text.tud_audio_set_itf_cb
                0x08003966       0x1a ./class/audio/audio_device.o
                0x08003966                tud_audio_set_itf_cb
 .text.tud_audio_set_itf_close_ep_cb
                0x08003980       0x1a ./class/audio/audio_device.o
                0x08003980                tud_audio_set_itf_close_ep_cb
 .text.tud_audio_set_req_ep_cb
                0x0800399a       0x1c ./class/audio/audio_device.o
                0x0800399a                tud_audio_set_req_ep_cb
 .text.tud_audio_set_req_itf_cb
                0x080039b6       0x1c ./class/audio/audio_device.o
                0x080039b6                tud_audio_set_req_itf_cb
 .text.tud_audio_set_req_entity_cb
                0x080039d2       0x1c ./class/audio/audio_device.o
                0x080039d2                tud_audio_set_req_entity_cb
 .text.tud_audio_get_req_ep_cb
                0x080039ee       0x1a ./class/audio/audio_device.o
                0x080039ee                tud_audio_get_req_ep_cb
 .text.tud_audio_get_req_itf_cb
                0x08003a08       0x1a ./class/audio/audio_device.o
                0x08003a08                tud_audio_get_req_itf_cb
 .text.tud_audio_get_req_entity_cb
                0x08003a22       0x1a ./class/audio/audio_device.o
                0x08003a22                tud_audio_get_req_entity_cb
 .text.audiod_rx_xfer_isr
                0x08003a3c       0x72 ./class/audio/audio_device.o
 .text.audiod_tx_xfer_isr
                0x08003aae       0xf0 ./class/audio/audio_device.o
 *fill*         0x08003b9e        0x2 
 .text.tud_audio_n_version
                0x08003ba0       0x68 ./class/audio/audio_device.o
                0x08003ba0                tud_audio_n_version
 .text.audiod_init
                0x08003c08       0x7c ./class/audio/audio_device.o
                0x08003c08                audiod_init
 .text.audiod_deinit
                0x08003c84       0x10 ./class/audio/audio_device.o
                0x08003c84                audiod_deinit
 .text.audiod_reset
                0x08003c94       0x58 ./class/audio/audio_device.o
                0x08003c94                audiod_reset
 .text.audiod_open
                0x08003cec      0x7cc ./class/audio/audio_device.o
                0x08003cec                audiod_open
 .text.audiod_get_interface
                0x080044b8       0xc8 ./class/audio/audio_device.o
 .text.audiod_set_interface
                0x08004580      0x3d0 ./class/audio/audio_device.o
 .text.audiod_control_complete
                0x08004950      0x208 ./class/audio/audio_device.o
 .text.audiod_control_request
                0x08004b58      0x1b8 ./class/audio/audio_device.o
 .text.audiod_control_xfer_cb
                0x08004d10       0x42 ./class/audio/audio_device.o
                0x08004d10                audiod_control_xfer_cb
 *fill*         0x08004d52        0x2 
 .text.audiod_xfer_cb
                0x08004d54       0x5c ./class/audio/audio_device.o
                0x08004d54                audiod_xfer_cb
 .text.audiod_xfer_isr
                0x08004db0       0x7c ./class/audio/audio_device.o
                0x08004db0                audiod_xfer_isr
 .text.audiod_sof_isr
                0x08004e2c       0x18 ./class/audio/audio_device.o
                0x08004e2c                audiod_sof_isr
 .text.audiod_verify_entity_exists
                0x08004e44       0xf4 ./class/audio/audio_device.o
 .text.audiod_verify_itf_exists
                0x08004f38       0xc4 ./class/audio/audio_device.o
 .text.audiod_verify_ep_exists
                0x08004ffc       0xc4 ./class/audio/audio_device.o
 .text.audiod_parse_flow_control_params
                0x080050c0      0x118 ./class/audio/audio_device.o
 .text.audiod_calc_tx_packet_sz
                0x080051d8      0x170 ./class/audio/audio_device.o
 .text.audiod_tx_packet_size
                0x08005348      0x108 ./class/audio/audio_device.o
 .text.audiod_get_audio_fct_idx
                0x08005450       0x2c ./class/audio/audio_device.o
 .text.tu_fifo_config
                0x0800547c       0x4e ./common/tusb_fifo.o
                0x0800547c                tu_fifo_config
 .text.tu_fifo_clear
                0x080054ca       0x20 ./common/tusb_fifo.o
                0x080054ca                tu_fifo_clear
 .text.tu_hwfifo_write
                0x080054ea       0xa2 ./common/tusb_fifo.o
                0x080054ea                tu_hwfifo_write
 .text.tu_hwfifo_read
                0x0800558c       0xaa ./common/tusb_fifo.o
                0x0800558c                tu_hwfifo_read
 .text.hwff_push_n
                0x08005636      0x16c ./common/tusb_fifo.o
 .text.hwff_pull_n
                0x080057a2      0x16c ./common/tusb_fifo.o
 .text.ff_push_n
                0x0800590e       0x6e ./common/tusb_fifo.o
 .text.ff_pull_n
                0x0800597c       0x6e ./common/tusb_fifo.o
 .text.advance_index
                0x080059ea       0x4c ./common/tusb_fifo.o
 .text.correct_read_index
                0x08005a36       0x40 ./common/tusb_fifo.o
 .text.tu_fifo_peek_n_access_mode
                0x08005a76       0xcc ./common/tusb_fifo.o
                0x08005a76                tu_fifo_peek_n_access_mode
 .text.tu_fifo_read_n_access_mode
                0x08005b42       0x58 ./common/tusb_fifo.o
                0x08005b42                tu_fifo_read_n_access_mode
 .text.tu_fifo_write_n_access_mode
                0x08005b9a      0x1a6 ./common/tusb_fifo.o
                0x08005b9a                tu_fifo_write_n_access_mode
 .text.tud_event_hook_cb
                0x08005d40       0x1c ./device/usbd.o
                0x08005d40                tud_event_hook_cb
 .text.tud_sof_cb
                0x08005d5c       0x14 ./device/usbd.o
                0x08005d5c                tud_sof_cb
 .text.tud_descriptor_bos_cb
                0x08005d70       0x10 ./device/usbd.o
                0x08005d70                tud_descriptor_bos_cb
 .text.tud_descriptor_device_qualifier_cb
                0x08005d80       0x10 ./device/usbd.o
                0x08005d80                tud_descriptor_device_qualifier_cb
 .text.tud_descriptor_other_speed_configuration_cb
                0x08005d90       0x18 ./device/usbd.o
                0x08005d90                tud_descriptor_other_speed_configuration_cb
 .text.tud_mount_cb
                0x08005da8        0xe ./device/usbd.o
                0x08005da8                tud_mount_cb
 .text.tud_umount_cb
                0x08005db6        0xe ./device/usbd.o
                0x08005db6                tud_umount_cb
 .text.tud_suspend_cb
                0x08005dc4       0x16 ./device/usbd.o
                0x08005dc4                tud_suspend_cb
 .text.tud_resume_cb
                0x08005dda        0xe ./device/usbd.o
                0x08005dda                tud_resume_cb
 .text.tud_vendor_control_xfer_cb
                0x08005de8       0x1e ./device/usbd.o
                0x08005de8                tud_vendor_control_xfer_cb
 .text.usbd_app_driver_get_cb
                0x08005e06       0x1c ./device/usbd.o
                0x08005e06                usbd_app_driver_get_cb
 *fill*         0x08005e22        0x2 
 .text.tud_speed_get
                0x08005e24       0x18 ./device/usbd.o
                0x08005e24                tud_speed_get
 .text.tud_inited
                0x08005e3c       0x20 ./device/usbd.o
                0x08005e3c                tud_inited
 .text.tud_rhport_init
                0x08005e5c      0x1ac ./device/usbd.o
                0x08005e5c                tud_rhport_init
 .text.configuration_reset
                0x08006008       0xd8 ./device/usbd.o
 .text.usbd_reset
                0x080060e0       0x1e ./device/usbd.o
 *fill*         0x080060fe        0x2 
 .text.tud_task_ext
                0x08006100      0x384 ./device/usbd.o
                0x08006100                tud_task_ext
 .text.invoke_class_control
                0x08006484       0x2e ./device/usbd.o
 *fill*         0x080064b2        0x2 
 .text.process_control_request
                0x080064b4      0x5c0 ./device/usbd.o
 .text.process_set_config
                0x08006a74      0x250 ./device/usbd.o
 .text.process_get_descriptor
                0x08006cc4      0x1b4 ./device/usbd.o
 .text.dcd_event_handler
                0x08006e78      0x5d0 ./device/usbd.o
                0x08006e78                dcd_event_handler
 .text.usbd_int_set
                0x08007448       0x34 ./device/usbd.o
                0x08007448                usbd_int_set
 .text.usbd_spin_lock
                0x0800747c       0x48 ./device/usbd.o
                0x0800747c                usbd_spin_lock
 .text.usbd_spin_unlock
                0x080074c4       0x50 ./device/usbd.o
                0x080074c4                usbd_spin_unlock
 .text.usbd_edpt_open
                0x08007514       0x88 ./device/usbd.o
                0x08007514                usbd_edpt_open
 .text.usbd_edpt_xfer
                0x0800759c       0xf4 ./device/usbd.o
                0x0800759c                usbd_edpt_xfer
 .text.usbd_edpt_xfer_fifo
                0x08007690       0xf4 ./device/usbd.o
                0x08007690                usbd_edpt_xfer_fifo
 .text.usbd_edpt_stall
                0x08007784       0x7c ./device/usbd.o
                0x08007784                usbd_edpt_stall
 .text.usbd_edpt_clear_stall
                0x08007800       0x7c ./device/usbd.o
                0x08007800                usbd_edpt_clear_stall
 .text.usbd_edpt_stalled
                0x0800787c       0x5c ./device/usbd.o
                0x0800787c                usbd_edpt_stalled
 .text.usbd_edpt_iso_alloc
                0x080078d8       0x5c ./device/usbd.o
                0x080078d8                usbd_edpt_iso_alloc
 .text.usbd_edpt_iso_activate
                0x08007934       0xe4 ./device/usbd.o
                0x08007934                usbd_edpt_iso_activate
 .text.dcd_edpt0_status_complete
                0x08007a18       0x18 ./device/usbd_control.o
                0x08007a18                dcd_edpt0_status_complete
 .text.status_stage_xact
                0x08007a30       0x3c ./device/usbd_control.o
 .text.tud_control_status
                0x08007a6c       0x40 ./device/usbd_control.o
                0x08007a6c                tud_control_status
 .text.data_stage_xact
                0x08007aac       0xc8 ./device/usbd_control.o
 .text.tud_control_xfer
                0x08007b74       0xe0 ./device/usbd_control.o
                0x08007b74                tud_control_xfer
 .text.usbd_control_reset
                0x08007c54       0x18 ./device/usbd_control.o
                0x08007c54                usbd_control_reset
 .text.usbd_control_set_complete_callback
                0x08007c6c       0x20 ./device/usbd_control.o
                0x08007c6c                usbd_control_set_complete_callback
 .text.usbd_control_set_request
                0x08007c8c       0x34 ./device/usbd_control.o
                0x08007c8c                usbd_control_set_request
 .text.usbd_control_xfer_cb
                0x08007cc0      0x168 ./device/usbd_control.o
                0x08007cc0                usbd_control_xfer_cb
 .text.__NVIC_EnableIRQ
                0x08007e28       0x3c ./portable/synopsys/dwc2/dcd_dwc2.o
 .text.__NVIC_DisableIRQ
                0x08007e64       0x48 ./portable/synopsys/dwc2/dcd_dwc2.o
 .text.dma_setup_prepare
                0x08007eac       0x80 ./portable/synopsys/dwc2/dcd_dwc2.o
 .text.dfifo_alloc
                0x08007f2c      0x1e8 ./portable/synopsys/dwc2/dcd_dwc2.o
 .text.dfifo_device_init
                0x08008114       0xb4 ./portable/synopsys/dwc2/dcd_dwc2.o
 .text.edpt_activate
                0x080081c8      0x164 ./portable/synopsys/dwc2/dcd_dwc2.o
 .text.edpt_disable
                0x0800832c      0x1a0 ./portable/synopsys/dwc2/dcd_dwc2.o
 .text.edpt_schedule_packets
                0x080084cc      0x1a0 ./portable/synopsys/dwc2/dcd_dwc2.o
 .text.dcd_init
                0x0800866c      0x134 ./portable/synopsys/dwc2/dcd_dwc2.o
                0x0800866c                dcd_init
 .text.dcd_int_enable
                0x080087a0       0x50 ./portable/synopsys/dwc2/dcd_dwc2.o
                0x080087a0                dcd_int_enable
 .text.dcd_int_disable
                0x080087f0       0x50 ./portable/synopsys/dwc2/dcd_dwc2.o
                0x080087f0                dcd_int_disable
 .text.dcd_set_address
                0x08008840       0x74 ./portable/synopsys/dwc2/dcd_dwc2.o
                0x08008840                dcd_set_address
 .text.dcd_connect
                0x080088b4       0x44 ./portable/synopsys/dwc2/dcd_dwc2.o
                0x080088b4                dcd_connect
 .text.dcd_disconnect
                0x080088f8       0x44 ./portable/synopsys/dwc2/dcd_dwc2.o
                0x080088f8                dcd_disconnect
 .text.dcd_sof_enable
                0x0800893c       0x6c ./portable/synopsys/dwc2/dcd_dwc2.o
                0x0800893c                dcd_sof_enable
 .text.dcd_edpt_open
                0x080089a8       0x74 ./portable/synopsys/dwc2/dcd_dwc2.o
                0x080089a8                dcd_edpt_open
 .text.dcd_edpt_close_all
                0x08008a1c      0x130 ./portable/synopsys/dwc2/dcd_dwc2.o
                0x08008a1c                dcd_edpt_close_all
 .text.dcd_edpt_iso_alloc
                0x08008b4c       0x50 ./portable/synopsys/dwc2/dcd_dwc2.o
                0x08008b4c                dcd_edpt_iso_alloc
 .text.dcd_edpt_iso_activate
                0x08008b9c       0x2e ./portable/synopsys/dwc2/dcd_dwc2.o
                0x08008b9c                dcd_edpt_iso_activate
 *fill*         0x08008bca        0x2 
 .text.dcd_edpt_xfer
                0x08008bcc       0xb0 ./portable/synopsys/dwc2/dcd_dwc2.o
                0x08008bcc                dcd_edpt_xfer
 .text.dcd_edpt_xfer_fifo
                0x08008c7c       0x9c ./portable/synopsys/dwc2/dcd_dwc2.o
                0x08008c7c                dcd_edpt_xfer_fifo
 .text.dcd_edpt_stall
                0x08008d18       0x6c ./portable/synopsys/dwc2/dcd_dwc2.o
                0x08008d18                dcd_edpt_stall
 .text.dcd_edpt_clear_stall
                0x08008d84       0x8c ./portable/synopsys/dwc2/dcd_dwc2.o
                0x08008d84                dcd_edpt_clear_stall
 .text.handle_bus_reset
                0x08008e10      0x204 ./portable/synopsys/dwc2/dcd_dwc2.o
 .text.handle_enum_done
                0x08009014       0x8c ./portable/synopsys/dwc2/dcd_dwc2.o
 .text.epin_write_tx_fifo
                0x080090a0      0x10c ./portable/synopsys/dwc2/dcd_dwc2.o
 .text.handle_rxflvl_irq
                0x080091ac      0x16c ./portable/synopsys/dwc2/dcd_dwc2.o
 .text.handle_epout_slave
                0x08009318      0x144 ./portable/synopsys/dwc2/dcd_dwc2.o
 .text.handle_epin_slave
                0x0800945c      0x140 ./portable/synopsys/dwc2/dcd_dwc2.o
 .text.handle_ep_irq
                0x0800959c      0x128 ./portable/synopsys/dwc2/dcd_dwc2.o
 .text.handle_incomplete_iso_in
                0x080096c4      0x1bc ./portable/synopsys/dwc2/dcd_dwc2.o
 .text.dcd_int_handler
                0x08009880      0x27c ./portable/synopsys/dwc2/dcd_dwc2.o
                0x08009880                dcd_int_handler
 .text.dwc2_phy_init
                0x08009afc       0x54 ./portable/synopsys/dwc2/dwc2_common.o
 .text.dwc2_phy_update
                0x08009b50       0xec ./portable/synopsys/dwc2/dwc2_common.o
 .text.reset_core
                0x08009c3c       0x7a ./portable/synopsys/dwc2/dwc2_common.o
 .text.phy_fs_init
                0x08009cb6       0x50 ./portable/synopsys/dwc2/dwc2_common.o
 .text.phy_hs_init
                0x08009d06       0xe6 ./portable/synopsys/dwc2/dwc2_common.o
 .text.check_dwc2
                0x08009dec       0x60 ./portable/synopsys/dwc2/dwc2_common.o
 .text.dwc2_core_is_highspeed
                0x08009e4c       0x3a ./portable/synopsys/dwc2/dwc2_common.o
                0x08009e4c                dwc2_core_is_highspeed
 *fill*         0x08009e86        0x2 
 .text.dwc2_core_init
                0x08009e88      0x118 ./portable/synopsys/dwc2/dwc2_common.o
                0x08009e88                dwc2_core_init
 .text.tusb_rhport_init
                0x08009fa0       0xc8 ./tusb.o
                0x08009fa0                tusb_rhport_init
 .text.tu_bind_driver_to_ep_itf
                0x0800a068      0x11c ./tusb.o
                0x0800a068                tu_bind_driver_to_ep_itf
 .text.memset   0x0800a184       0x10 C:/ST/STM32CubeIDE_1.19.0/STM32CubeIDE/plugins/com.st.stm32cube.ide.mcu.externaltools.gnu-tools-for-stm32.13.3.rel1.win32_1.0.0.202411081344/tools/bin/../lib/gcc/arm-none-eabi/13.3.1/../../../../arm-none-eabi/lib/thumb/v7e-m+fp/hard\libc_nano.a(libc_a-memset.o)
                0x0800a184                memset
 .text.__libc_init_array
                0x0800a194       0x48 C:/ST/STM32CubeIDE_1.19.0/STM32CubeIDE/plugins/com.st.stm32cube.ide.mcu.externaltools.gnu-tools-for-stm32.13.3.rel1.win32_1.0.0.202411081344/tools/bin/../lib/gcc/arm-none-eabi/13.3.1/../../../../arm-none-eabi/lib/thumb/v7e-m+fp/hard\libc_nano.a(libc_a-init.o)
                0x0800a194                __libc_init_array
 .text.memcpy   0x0800a1dc       0x1c C:/ST/STM32CubeIDE_1.19.0/STM32CubeIDE/plugins/com.st.stm32cube.ide.mcu.externaltools.gnu-tools-for-stm32.13.3.rel1.win32_1.0.0.202411081344/tools/bin/../lib/gcc/arm-none-eabi/13.3.1/../../../../arm-none-eabi/lib/thumb/v7e-m+fp/hard\libc_nano.a(libc_a-memcpy-stub.o)
                0x0800a1dc                memcpy
 *(.glue_7)
 .glue_7        0x0800a1f8        0x0 linker stubs
 *(.glue_7t)
 .glue_7t       0x0800a1f8        0x0 linker stubs
 *(.eh_frame)
 .eh_frame      0x0800a1f8        0x0 C:/ST/STM32CubeIDE_1.19.0/STM32CubeIDE/plugins/com.st.stm32cube.ide.mcu.externaltools.gnu-tools-for-stm32.13.3.rel1.win32_1.0.0.202411081344/tools/bin/../lib/gcc/arm-none-eabi/13.3.1/thumb/v7e-m+fp/hard/crtbegin.o
 *(.init)
 .init          0x0800a1f8        0x4 C:/ST/STM32CubeIDE_1.19.0/STM32CubeIDE/plugins/com.st.stm32cube.ide.mcu.externaltools.gnu-tools-for-stm32.13.3.rel1.win32_1.0.0.202411081344/tools/bin/../lib/gcc/arm-none-eabi/13.3.1/thumb/v7e-m+fp/hard/crti.o
                0x0800a1f8                _init
 .init          0x0800a1fc        0x8 C:/ST/STM32CubeIDE_1.19.0/STM32CubeIDE/plugins/com.st.stm32cube.ide.mcu.externaltools.gnu-tools-for-stm32.13.3.rel1.win32_1.0.0.202411081344/tools/bin/../lib/gcc/arm-none-eabi/13.3.1/thumb/v7e-m+fp/hard/crtn.o
 *(.fini)
 .fini          0x0800a204        0x4 C:/ST/STM32CubeIDE_1.19.0/STM32CubeIDE/plugins/com.st.stm32cube.ide.mcu.externaltools.gnu-tools-for-stm32.13.3.rel1.win32_1.0.0.202411081344/tools/bin/../lib/gcc/arm-none-eabi/13.3.1/thumb/v7e-m+fp/hard/crti.o
                0x0800a204                _fini
 .fini          0x0800a208        0x8 C:/ST/STM32CubeIDE_1.19.0/STM32CubeIDE/plugins/com.st.stm32cube.ide.mcu.externaltools.gnu-tools-for-stm32.13.3.rel1.win32_1.0.0.202411081344/tools/bin/../lib/gcc/arm-none-eabi/13.3.1/thumb/v7e-m+fp/hard/crtn.o
                0x0800a210                        . = ALIGN (0x4)
                0x0800a210                        _etext = .

.vfp11_veneer   0x0800a210        0x0
 .vfp11_veneer  0x0800a210        0x0 linker stubs

.v4_bx          0x0800a210        0x0
 .v4_bx         0x0800a210        0x0 linker stubs

.iplt           0x0800a210        0x0
 .iplt          0x0800a210        0x0 C:/ST/STM32CubeIDE_1.19.0/STM32CubeIDE/plugins/com.st.stm32cube.ide.mcu.externaltools.gnu-tools-for-stm32.13.3.rel1.win32_1.0.0.202411081344/tools/bin/../lib/gcc/arm-none-eabi/13.3.1/thumb/v7e-m+fp/hard/crtbegin.o

.rodata         0x0800a210      0x1a8
                0x0800a210                        . = ALIGN (0x4)
 *(.rodata)
 .rodata        0x0800a210       0x4f ./Core/Src/usb_descriptors.o
 *(.rodata*)
 *fill*         0x0800a25f        0x1 
 .rodata.AHBPrescTable
                0x0800a260       0x10 ./Core/Src/system_stm32f4xx.o
                0x0800a260                AHBPrescTable
 .rodata.desc_device
                0x0800a270       0x12 ./Core/Src/usb_descriptors.o
 *fill*         0x0800a282        0x2 
 .rodata.desc_uac1_configuration
                0x0800a284       0xc1 ./Core/Src/usb_descriptors.o
                0x0800a284                desc_uac1_configuration
 *fill*         0x0800a345        0x3 
 .rodata.__compound_literal.0
                0x0800a348        0x2 ./Core/Src/usb_descriptors.o
 *fill*         0x0800a34a        0x2 
 .rodata.flagBitshiftOffset.0
                0x0800a34c        0x8 ./Drivers/STM32F4xx_HAL_Driver/Src/stm32f4xx_hal_dma.o
 .rodata._usbd_driver
                0x0800a354       0x24 ./device/usbd.o
 .rodata._dwc2_controller
                0x0800a378       0x20 ./portable/synopsys/dwc2/dcd_dwc2.o
 .rodata._dwc2_controller
                0x0800a398       0x20 ./portable/synopsys/dwc2/dwc2_common.o
                0x0800a3b8                        . = ALIGN (0x4)

.ARM.extab      0x0800a3b8        0x0
                0x0800a3b8                        . = ALIGN (0x4)
 *(.ARM.extab* .gnu.linkonce.armextab.*)
                0x0800a3b8                        . = ALIGN (0x4)

.ARM            0x0800a3b8        0x8
                0x0800a3b8                        . = ALIGN (0x4)
                0x0800a3b8                        __exidx_start = .
 *(.ARM.exidx*)
 .ARM.exidx     0x0800a3b8        0x8 C:/ST/STM32CubeIDE_1.19.0/STM32CubeIDE/plugins/com.st.stm32cube.ide.mcu.externaltools.gnu-tools-for-stm32.13.3.rel1.win32_1.0.0.202411081344/tools/bin/../lib/gcc/arm-none-eabi/13.3.1/../../../../arm-none-eabi/lib/thumb/v7e-m+fp/hard\libc_nano.a(libc_a-strlen.o)
 .ARM.exidx     0x0800a3c0        0x0 C:/ST/STM32CubeIDE_1.19.0/STM32CubeIDE/plugins/com.st.stm32cube.ide.mcu.externaltools.gnu-tools-for-stm32.13.3.rel1.win32_1.0.0.202411081344/tools/bin/../lib/gcc/arm-none-eabi/13.3.1/thumb/v7e-m+fp/hard\libgcc.a(_udivmoddi4.o)
                                  0x8 (size before relaxing)
                0x0800a3c0                        __exidx_end = .
                0x0800a3c0                        . = ALIGN (0x4)

.preinit_array  0x0800a3c0        0x0
                0x0800a3c0                        . = ALIGN (0x4)
                0x0800a3c0                        PROVIDE (__preinit_array_start = .)
 *(.preinit_array*)
                0x0800a3c0                        PROVIDE (__preinit_array_end = .)
                0x0800a3c0                        . = ALIGN (0x4)

.init_array     0x0800a3c0        0x4
                0x0800a3c0                        . = ALIGN (0x4)
                0x0800a3c0                        PROVIDE (__init_array_start = .)
 *(SORT_BY_NAME(.init_array.*))
 *(.init_array*)
 .init_array    0x0800a3c0        0x4 C:/ST/STM32CubeIDE_1.19.0/STM32CubeIDE/plugins/com.st.stm32cube.ide.mcu.externaltools.gnu-tools-for-stm32.13.3.rel1.win32_1.0.0.202411081344/tools/bin/../lib/gcc/arm-none-eabi/13.3.1/thumb/v7e-m+fp/hard/crtbegin.o
                0x0800a3c4                        PROVIDE (__init_array_end = .)
                0x0800a3c4                        . = ALIGN (0x4)

.fini_array     0x0800a3c4        0x4
                0x0800a3c4                        . = ALIGN (0x4)
                [!provide]                        PROVIDE (__fini_array_start = .)
 *(SORT_BY_NAME(.fini_array.*))
 *(.fini_array*)
 .fini_array    0x0800a3c4        0x4 C:/ST/STM32CubeIDE_1.19.0/STM32CubeIDE/plugins/com.st.stm32cube.ide.mcu.externaltools.gnu-tools-for-stm32.13.3.rel1.win32_1.0.0.202411081344/tools/bin/../lib/gcc/arm-none-eabi/13.3.1/thumb/v7e-m+fp/hard/crtbegin.o
                [!provide]                        PROVIDE (__fini_array_end = .)
                0x0800a3c8                        . = ALIGN (0x4)
                0x0800a3c8                        _sidata = LOADADDR (.data)

.rel.dyn        0x0800a3c8        0x0
 .rel.iplt      0x0800a3c8        0x0 C:/ST/STM32CubeIDE_1.19.0/STM32CubeIDE/plugins/com.st.stm32cube.ide.mcu.externaltools.gnu-tools-for-stm32.13.3.rel1.win32_1.0.0.202411081344/tools/bin/../lib/gcc/arm-none-eabi/13.3.1/thumb/v7e-m+fp/hard/crtbegin.o

.data           0x20000000       0x40 load address 0x0800a3c8
                0x20000000                        . = ALIGN (0x4)
                0x20000000                        _sdata = .
 *(.data)
 *(.data*)
 .data.SystemCoreClock
                0x20000000        0x4 ./Core/Src/system_stm32f4xx.o
                0x20000000                SystemCoreClock
 .data.string_desc_arr
                0x20000004       0x18 ./Core/Src/usb_descriptors.o
 .data.uwTickPrio
                0x2000001c        0x4 ./Drivers/STM32F4xx_HAL_Driver/Src/stm32f4xx_hal.o
                0x2000001c                uwTickPrio
 .data.uwTickFreq
                0x20000020        0x1 ./Drivers/STM32F4xx_HAL_Driver/Src/stm32f4xx_hal.o
                0x20000020                uwTickFreq
 .data._usbd_rhport
                0x20000021        0x1 ./device/usbd.o
 *fill*         0x20000022        0x2 
 .data._usbd_spin
                0x20000024        0x8 ./device/usbd.o
 .data._usbd_qdef
                0x2000002c       0x14 ./device/usbd.o
                0x2000002c                _usbd_qdef
 *(.RamFunc)
 *(.RamFunc*)
                0x20000040                        . = ALIGN (0x4)
                0x20000040                        _edata = .
                0x0800a408                        _siccmram = LOADADDR (.ccmram)

.igot.plt       0x20000040        0x0 load address 0x0800a408
 .igot.plt      0x20000040        0x0 C:/ST/STM32CubeIDE_1.19.0/STM32CubeIDE/plugins/com.st.stm32cube.ide.mcu.externaltools.gnu-tools-for-stm32.13.3.rel1.win32_1.0.0.202411081344/tools/bin/../lib/gcc/arm-none-eabi/13.3.1/thumb/v7e-m+fp/hard/crtbegin.o

.ccmram         0x10000000        0x0 load address 0x0800a408
                0x10000000                        . = ALIGN (0x4)
                0x10000000                        _sccmram = .
 *(.ccmram)
 *(.ccmram*)
                0x10000000                        . = ALIGN (0x4)
                0x10000000                        _eccmram = .
                0x10000000                        . = ALIGN (0x4)

.bss            0x20000040     0x1324
                0x20000040                        _sbss = .
                0x20000040                        __bss_start__ = _sbss
 *(.bss)
 .bss           0x20000040       0x1c C:/ST/STM32CubeIDE_1.19.0/STM32CubeIDE/plugins/com.st.stm32cube.ide.mcu.externaltools.gnu-tools-for-stm32.13.3.rel1.win32_1.0.0.202411081344/tools/bin/../lib/gcc/arm-none-eabi/13.3.1/thumb/v7e-m+fp/hard/crtbegin.o
 *(.bss*)
 .bss.hi2s3     0x2000005c       0x48 ./Core/Src/main.o
                0x2000005c                hi2s3
 .bss.hdma_spi3_tx
                0x200000a4       0x60 ./Core/Src/main.o
                0x200000a4                hdma_spi3_tx
 .bss.hpcd_USB_OTG_FS
                0x20000104      0x4e4 ./Core/Src/main.o
                0x20000104                hpcd_USB_OTG_FS
 .bss._desc_str
                0x200005e8       0x42 ./Core/Src/usb_descriptors.o
 *fill*         0x2000062a        0x2 
 .bss.uwTick    0x2000062c        0x4 ./Drivers/STM32F4xx_HAL_Driver/Src/stm32f4xx_hal.o
                0x2000062c                uwTick
 .bss.ep_in_sw_buf
                0x20000630      0x380 ./class/audio/audio_device.o
 .bss.ep_out_sw_buf
                0x200009b0      0x700 ./class/audio/audio_device.o
 .bss.ctrl_buf  0x200010b0       0x40 ./class/audio/audio_device.o
                0x200010b0                ctrl_buf
 .bss._audiod_fct
                0x200010f0       0x48 ./class/audio/audio_device.o
 .bss.ctrl_blackout.0
                0x20001138        0x4 ./class/audio/audio_device.o
 .bss._usbd_dev
                0x2000113c       0x2f ./device/usbd.o
 .bss._usbd_queued_setup
                0x2000116b        0x1 ./device/usbd.o
 .bss._app_driver
                0x2000116c        0x4 ./device/usbd.o
 .bss._app_driver_count
                0x20001170        0x1 ./device/usbd.o
 *fill*         0x20001171        0x3 
 .bss._usbd_qdef_buf
                0x20001174       0xc0 ./device/usbd.o
                0x20001174                _usbd_qdef_buf
 .bss._usbd_q   0x20001234        0x4 ./device/usbd.o
 .bss._ctrl_xfer
                0x20001238       0x14 ./device/usbd_control.o
 .bss._ctrl_epbuf
                0x2000124c       0x40 ./device/usbd_control.o
 .bss.xfer_status
                0x2000128c       0xc0 ./portable/synopsys/dwc2/dcd_dwc2.o
 .bss._dcd_data
                0x2000134c        0x8 ./portable/synopsys/dwc2/dcd_dwc2.o
 .bss._dcd_usbbuf
                0x20001354        0x8 ./portable/synopsys/dwc2/dcd_dwc2.o
 .bss._tud_cfg  0x2000135c        0x2 ./portable/synopsys/dwc2/dcd_dwc2.o
 *fill*         0x2000135e        0x2 
 .bss._tusb_rhport_role
                0x20001360        0x2 ./tusb.o
                0x20001360                _tusb_rhport_role
 *(COMMON)
                0x20001364                        . = ALIGN (0x4)
 *fill*         0x20001362        0x2 
                0x20001364                        _ebss = .
                0x20001364                        __bss_end__ = _ebss

._user_heap_stack
                0x20001364      0x604
                0x20001368                        . = ALIGN (0x8)
 *fill*         0x20001364        0x4 
                [!provide]                        PROVIDE (end = .)
                0x20001368                        PROVIDE (_end = .)
                0x20001568                        . = (. + _Min_Heap_Size)
 *fill*         0x20001368      0x200 
                0x20001968                        . = (. + _Min_Stack_Size)
 *fill*         0x20001568      0x400 
                0x20001968                        . = ALIGN (0x8)

/DISCARD/
 libc.a(*)
 libm.a(*)
 libgcc.a(*)

.ARM.attributes
                0x00000000       0x30
 *(.ARM.attributes)
 .ARM.attributes
                0x00000000       0x22 C:/ST/STM32CubeIDE_1.19.0/STM32CubeIDE/plugins/com.st.stm32cube.ide.mcu.externaltools.gnu-tools-for-stm32.13.3.rel1.win32_1.0.0.202411081344/tools/bin/../lib/gcc/arm-none-eabi/13.3.1/thumb/v7e-m+fp/hard/crti.o
 .ARM.attributes
                0x00000022       0x34 C:/ST/STM32CubeIDE_1.19.0/STM32CubeIDE/plugins/com.st.stm32cube.ide.mcu.externaltools.gnu-tools-for-stm32.13.3.rel1.win32_1.0.0.202411081344/tools/bin/../lib/gcc/arm-none-eabi/13.3.1/thumb/v7e-m+fp/hard/crtbegin.o
 .ARM.attributes
                0x00000056       0x34 ./Core/Src/main.o
 .ARM.attributes
                0x0000008a       0x34 ./Core/Src/stm32f4xx_hal_msp.o
 .ARM.attributes
                0x000000be       0x34 ./Core/Src/stm32f4xx_it.o
 .ARM.attributes
                0x000000f2       0x34 ./Core/Src/system_stm32f4xx.o
 .ARM.attributes
                0x00000126       0x34 ./Core/Src/usb_descriptors.o
 .ARM.attributes
                0x0000015a       0x21 ./Core/Startup/startup_stm32f429zitx.o
 .ARM.attributes
                0x0000017b       0x34 ./Drivers/STM32F4xx_HAL_Driver/Src/stm32f4xx_hal.o
 .ARM.attributes
                0x000001af       0x34 ./Drivers/STM32F4xx_HAL_Driver/Src/stm32f4xx_hal_cortex.o
 .ARM.attributes
                0x000001e3       0x34 ./Drivers/STM32F4xx_HAL_Driver/Src/stm32f4xx_hal_dma.o
 .ARM.attributes
                0x00000217       0x34 ./Drivers/STM32F4xx_HAL_Driver/Src/stm32f4xx_hal_gpio.o
 .ARM.attributes
                0x0000024b       0x34 ./Drivers/STM32F4xx_HAL_Driver/Src/stm32f4xx_hal_i2s.o
 .ARM.attributes
                0x0000027f       0x34 ./Drivers/STM32F4xx_HAL_Driver/Src/stm32f4xx_hal_i2s_ex.o
 .ARM.attributes
                0x000002b3       0x34 ./Drivers/STM32F4xx_HAL_Driver/Src/stm32f4xx_hal_pcd.o
 .ARM.attributes
                0x000002e7       0x34 ./Drivers/STM32F4xx_HAL_Driver/Src/stm32f4xx_hal_rcc.o
 .ARM.attributes
                0x0000031b       0x34 ./Drivers/STM32F4xx_HAL_Driver/Src/stm32f4xx_hal_rcc_ex.o
 .ARM.attributes
                0x0000034f       0x34 ./Drivers/STM32F4xx_HAL_Driver/Src/stm32f4xx_ll_usb.o
 .ARM.attributes
                0x00000383       0x34 ./class/audio/audio_device.o
 .ARM.attributes
                0x000003b7       0x34 ./common/tusb_fifo.o
 .ARM.attributes
                0x000003eb       0x34 ./device/usbd.o
 .ARM.attributes
                0x0000041f       0x34 ./device/usbd_control.o
 .ARM.attributes
                0x00000453       0x34 ./portable/synopsys/dwc2/dcd_dwc2.o
 .ARM.attributes
                0x00000487       0x34 ./portable/synopsys/dwc2/dwc2_common.o
 .ARM.attributes
                0x000004bb       0x34 ./tusb.o
 .ARM.attributes
                0x000004ef       0x34 C:/ST/STM32CubeIDE_1.19.0/STM32CubeIDE/plugins/com.st.stm32cube.ide.mcu.externaltools.gnu-tools-for-stm32.13.3.rel1.win32_1.0.0.202411081344/tools/bin/../lib/gcc/arm-none-eabi/13.3.1/../../../../arm-none-eabi/lib/thumb/v7e-m+fp/hard\libc_nano.a(libc_a-memset.o)
 .ARM.attributes
                0x00000523       0x34 C:/ST/STM32CubeIDE_1.19.0/STM32CubeIDE/plugins/com.st.stm32cube.ide.mcu.externaltools.gnu-tools-for-stm32.13.3.rel1.win32_1.0.0.202411081344/tools/bin/../lib/gcc/arm-none-eabi/13.3.1/../../../../arm-none-eabi/lib/thumb/v7e-m+fp/hard\libc_nano.a(libc_a-init.o)
 .ARM.attributes
                0x00000557       0x34 C:/ST/STM32CubeIDE_1.19.0/STM32CubeIDE/plugins/com.st.stm32cube.ide.mcu.externaltools.gnu-tools-for-stm32.13.3.rel1.win32_1.0.0.202411081344/tools/bin/../lib/gcc/arm-none-eabi/13.3.1/../../../../arm-none-eabi/lib/thumb/v7e-m+fp/hard\libc_nano.a(libc_a-memcpy-stub.o)
 .ARM.attributes
                0x0000058b       0x17 C:/ST/STM32CubeIDE_1.19.0/STM32CubeIDE/plugins/com.st.stm32cube.ide.mcu.externaltools.gnu-tools-for-stm32.13.3.rel1.win32_1.0.0.202411081344/tools/bin/../lib/gcc/arm-none-eabi/13.3.1/../../../../arm-none-eabi/lib/thumb/v7e-m+fp/hard\libc_nano.a(libc_a-strlen.o)
 .ARM.attributes
                0x000005a2       0x22 C:/ST/STM32CubeIDE_1.19.0/STM32CubeIDE/plugins/com.st.stm32cube.ide.mcu.externaltools.gnu-tools-for-stm32.13.3.rel1.win32_1.0.0.202411081344/tools/bin/../lib/gcc/arm-none-eabi/13.3.1/thumb/v7e-m+fp/hard\libgcc.a(_aeabi_uldivmod.o)
 .ARM.attributes
                0x000005c4       0x34 C:/ST/STM32CubeIDE_1.19.0/STM32CubeIDE/plugins/com.st.stm32cube.ide.mcu.externaltools.gnu-tools-for-stm32.13.3.rel1.win32_1.0.0.202411081344/tools/bin/../lib/gcc/arm-none-eabi/13.3.1/thumb/v7e-m+fp/hard\libgcc.a(_udivmoddi4.o)
 .ARM.attributes
                0x000005f8       0x22 C:/ST/STM32CubeIDE_1.19.0/STM32CubeIDE/plugins/com.st.stm32cube.ide.mcu.externaltools.gnu-tools-for-stm32.13.3.rel1.win32_1.0.0.202411081344/tools/bin/../lib/gcc/arm-none-eabi/13.3.1/thumb/v7e-m+fp/hard\libgcc.a(_dvmd_tls.o)
 .ARM.attributes
                0x0000061a       0x22 C:/ST/STM32CubeIDE_1.19.0/STM32CubeIDE/plugins/com.st.stm32cube.ide.mcu.externaltools.gnu-tools-for-stm32.13.3.rel1.win32_1.0.0.202411081344/tools/bin/../lib/gcc/arm-none-eabi/13.3.1/thumb/v7e-m+fp/hard/crtn.o
OUTPUT(DAC_prototype_1.elf elf32-littlearm)
LOAD linker stubs
LOAD C:/ST/STM32CubeIDE_1.19.0/STM32CubeIDE/plugins/com.st.stm32cube.ide.mcu.externaltools.gnu-tools-for-stm32.13.3.rel1.win32_1.0.0.202411081344/tools/bin/../lib/gcc/arm-none-eabi/13.3.1/../../../../arm-none-eabi/lib/thumb/v7e-m+fp/hard\libc.a
LOAD C:/ST/STM32CubeIDE_1.19.0/STM32CubeIDE/plugins/com.st.stm32cube.ide.mcu.externaltools.gnu-tools-for-stm32.13.3.rel1.win32_1.0.0.202411081344/tools/bin/../lib/gcc/arm-none-eabi/13.3.1/../../../../arm-none-eabi/lib/thumb/v7e-m+fp/hard\libm.a
LOAD C:/ST/STM32CubeIDE_1.19.0/STM32CubeIDE/plugins/com.st.stm32cube.ide.mcu.externaltools.gnu-tools-for-stm32.13.3.rel1.win32_1.0.0.202411081344/tools/bin/../lib/gcc/arm-none-eabi/13.3.1/thumb/v7e-m+fp/hard\libgcc.a

.debug_info     0x00000000    0x19bf3
 .debug_info    0x00000000     0x14dd ./Core/Src/main.o
 .debug_info    0x000014dd     0x12bb ./Core/Src/stm32f4xx_hal_msp.o
 .debug_info    0x00002798      0x3f1 ./Core/Src/stm32f4xx_it.o
 .debug_info    0x00002b89      0x52e ./Core/Src/system_stm32f4xx.o
 .debug_info    0x000030b7      0x7e6 ./Core/Src/usb_descriptors.o
 .debug_info    0x0000389d       0x30 ./Core/Startup/startup_stm32f429zitx.o
 .debug_info    0x000038cd      0x9ba ./Drivers/STM32F4xx_HAL_Driver/Src/stm32f4xx_hal.o
 .debug_info    0x00004287      0xdc2 ./Drivers/STM32F4xx_HAL_Driver/Src/stm32f4xx_hal_cortex.o
 .debug_info    0x00005049      0x8e7 ./Drivers/STM32F4xx_HAL_Driver/Src/stm32f4xx_hal_dma.o
 .debug_info    0x00005930      0x6db ./Drivers/STM32F4xx_HAL_Driver/Src/stm32f4xx_hal_gpio.o
 .debug_info    0x0000600b      0xe02 ./Drivers/STM32F4xx_HAL_Driver/Src/stm32f4xx_hal_i2s.o
 .debug_info    0x00006e0d      0xaae ./Drivers/STM32F4xx_HAL_Driver/Src/stm32f4xx_hal_i2s_ex.o
 .debug_info    0x000078bb     0x156f ./Drivers/STM32F4xx_HAL_Driver/Src/stm32f4xx_hal_pcd.o
 .debug_info    0x00008e2a      0x8db ./Drivers/STM32F4xx_HAL_Driver/Src/stm32f4xx_hal_rcc.o
 .debug_info    0x00009705      0x64c ./Drivers/STM32F4xx_HAL_Driver/Src/stm32f4xx_hal_rcc_ex.o
 .debug_info    0x00009d51     0x1993 ./Drivers/STM32F4xx_HAL_Driver/Src/stm32f4xx_ll_usb.o
 .debug_info    0x0000b6e4     0x3158 ./class/audio/audio_device.o
 .debug_info    0x0000e83c     0x1410 ./common/tusb_fifo.o
 .debug_info    0x0000fc4c     0x3374 ./device/usbd.o
 .debug_info    0x00012fc0      0x75d ./device/usbd_control.o
 .debug_info    0x0001371d     0x3d52 ./portable/synopsys/dwc2/dcd_dwc2.o
 .debug_info    0x0001746f     0x125c ./portable/synopsys/dwc2/dwc2_common.o
 .debug_info    0x000186cb     0x1528 ./tusb.o

.debug_abbrev   0x00000000     0x3e94
 .debug_abbrev  0x00000000      0x2f6 ./Core/Src/main.o
 .debug_abbrev  0x000002f6      0x242 ./Core/Src/stm32f4xx_hal_msp.o
 .debug_abbrev  0x00000538      0x17e ./Core/Src/stm32f4xx_it.o
 .debug_abbrev  0x000006b6      0x11a ./Core/Src/system_stm32f4xx.o
 .debug_abbrev  0x000007d0      0x1bd ./Core/Src/usb_descriptors.o
 .debug_abbrev  0x0000098d       0x24 ./Core/Startup/startup_stm32f429zitx.o
 .debug_abbrev  0x000009b1      0x214 ./Drivers/STM32F4xx_HAL_Driver/Src/stm32f4xx_hal.o
 .debug_abbrev  0x00000bc5      0x31d ./Drivers/STM32F4xx_HAL_Driver/Src/stm32f4xx_hal_cortex.o
 .debug_abbrev  0x00000ee2      0x264 ./Drivers/STM32F4xx_HAL_Driver/Src/stm32f4xx_hal_dma.o
 .debug_abbrev  0x00001146      0x1d4 ./Drivers/STM32F4xx_HAL_Driver/Src/stm32f4xx_hal_gpio.o
 .debug_abbrev  0x0000131a      0x25d ./Drivers/STM32F4xx_HAL_Driver/Src/stm32f4xx_hal_i2s.o
 .debug_abbrev  0x00001577      0x276 ./Drivers/STM32F4xx_HAL_Driver/Src/stm32f4xx_hal_i2s_ex.o
 .debug_abbrev  0x000017ed      0x2b9 ./Drivers/STM32F4xx_HAL_Driver/Src/stm32f4xx_hal_pcd.o
 .debug_abbrev  0x00001aa6      0x2b7 ./Drivers/STM32F4xx_HAL_Driver/Src/stm32f4xx_hal_rcc.o
 .debug_abbrev  0x00001d5d      0x1b0 ./Drivers/STM32F4xx_HAL_Driver/Src/stm32f4xx_hal_rcc_ex.o
 .debug_abbrev  0x00001f0d      0x2b3 ./Drivers/STM32F4xx_HAL_Driver/Src/stm32f4xx_ll_usb.o
 .debug_abbrev  0x000021c0      0x47b ./class/audio/audio_device.o
 .debug_abbrev  0x0000263b      0x356 ./common/tusb_fifo.o
 .debug_abbrev  0x00002991      0x58c ./device/usbd.o
 .debug_abbrev  0x00002f1d      0x30c ./device/usbd_control.o
 .debug_abbrev  0x00003229      0x583 ./portable/synopsys/dwc2/dcd_dwc2.o
 .debug_abbrev  0x000037ac      0x32f ./portable/synopsys/dwc2/dwc2_common.o
 .debug_abbrev  0x00003adb      0x3b9 ./tusb.o

.debug_aranges  0x00000000     0x10e8
 .debug_aranges
                0x00000000       0x50 ./Core/Src/main.o
 .debug_aranges
                0x00000050       0x40 ./Core/Src/stm32f4xx_hal_msp.o
 .debug_aranges
                0x00000090       0x70 ./Core/Src/stm32f4xx_it.o
 .debug_aranges
                0x00000100       0x28 ./Core/Src/system_stm32f4xx.o
 .debug_aranges
                0x00000128       0x30 ./Core/Src/usb_descriptors.o
 .debug_aranges
                0x00000158       0x28 ./Core/Startup/startup_stm32f429zitx.o
 .debug_aranges
                0x00000180      0x100 ./Drivers/STM32F4xx_HAL_Driver/Src/stm32f4xx_hal.o
 .debug_aranges
                0x00000280      0x130 ./Drivers/STM32F4xx_HAL_Driver/Src/stm32f4xx_hal_cortex.o
 .debug_aranges
                0x000003b0       0x90 ./Drivers/STM32F4xx_HAL_Driver/Src/stm32f4xx_hal_dma.o
 .debug_aranges
                0x00000440       0x58 ./Drivers/STM32F4xx_HAL_Driver/Src/stm32f4xx_hal_gpio.o
 .debug_aranges
                0x00000498      0x108 ./Drivers/STM32F4xx_HAL_Driver/Src/stm32f4xx_hal_i2s.o
 .debug_aranges
                0x000005a0       0x88 ./Drivers/STM32F4xx_HAL_Driver/Src/stm32f4xx_hal_i2s_ex.o
 .debug_aranges
                0x00000628      0x148 ./Drivers/STM32F4xx_HAL_Driver/Src/stm32f4xx_hal_pcd.o
 .debug_aranges
                0x00000770       0x88 ./Drivers/STM32F4xx_HAL_Driver/Src/stm32f4xx_hal_rcc.o
 .debug_aranges
                0x000007f8       0x58 ./Drivers/STM32F4xx_HAL_Driver/Src/stm32f4xx_hal_rcc_ex.o
 .debug_aranges
                0x00000850      0x1a0 ./Drivers/STM32F4xx_HAL_Driver/Src/stm32f4xx_ll_usb.o
 .debug_aranges
                0x000009f0      0x180 ./class/audio/audio_device.o
 .debug_aranges
                0x00000b70       0xe0 ./common/tusb_fifo.o
 .debug_aranges
                0x00000c50      0x1e8 ./device/usbd.o
 .debug_aranges
                0x00000e38       0x60 ./device/usbd_control.o
 .debug_aranges
                0x00000e98      0x128 ./portable/synopsys/dwc2/dcd_dwc2.o
 .debug_aranges
                0x00000fc0       0x58 ./portable/synopsys/dwc2/dwc2_common.o
 .debug_aranges
                0x00001018       0xd0 ./tusb.o

.debug_rnglists
                0x00000000      0xd83
 .debug_rnglists
                0x00000000       0x39 ./Core/Src/main.o
 .debug_rnglists
                0x00000039       0x2d ./Core/Src/stm32f4xx_hal_msp.o
 .debug_rnglists
                0x00000066       0x4f ./Core/Src/stm32f4xx_it.o
 .debug_rnglists
                0x000000b5       0x1a ./Core/Src/system_stm32f4xx.o
 .debug_rnglists
                0x000000cf       0x20 ./Core/Src/usb_descriptors.o
 .debug_rnglists
                0x000000ef       0x19 ./Core/Startup/startup_stm32f429zitx.o
 .debug_rnglists
                0x00000108       0xbb ./Drivers/STM32F4xx_HAL_Driver/Src/stm32f4xx_hal.o
 .debug_rnglists
                0x000001c3       0xe0 ./Drivers/STM32F4xx_HAL_Driver/Src/stm32f4xx_hal_cortex.o
 .debug_rnglists
                0x000002a3       0x70 ./Drivers/STM32F4xx_HAL_Driver/Src/stm32f4xx_hal_dma.o
 .debug_rnglists
                0x00000313       0x3f ./Drivers/STM32F4xx_HAL_Driver/Src/stm32f4xx_hal_gpio.o
 .debug_rnglists
                0x00000352       0xcc ./Drivers/STM32F4xx_HAL_Driver/Src/stm32f4xx_hal_i2s.o
 .debug_rnglists
                0x0000041e       0x6a ./Drivers/STM32F4xx_HAL_Driver/Src/stm32f4xx_hal_i2s_ex.o
 .debug_rnglists
                0x00000488       0xfa ./Drivers/STM32F4xx_HAL_Driver/Src/stm32f4xx_hal_pcd.o
 .debug_rnglists
                0x00000582       0x66 ./Drivers/STM32F4xx_HAL_Driver/Src/stm32f4xx_hal_rcc.o
 .debug_rnglists
                0x000005e8       0x43 ./Drivers/STM32F4xx_HAL_Driver/Src/stm32f4xx_hal_rcc_ex.o
 .debug_rnglists
                0x0000062b      0x147 ./Drivers/STM32F4xx_HAL_Driver/Src/stm32f4xx_ll_usb.o
 .debug_rnglists
                0x00000772      0x139 ./class/audio/audio_device.o
 .debug_rnglists
                0x000008ab       0xae ./common/tusb_fifo.o
 .debug_rnglists
                0x00000959      0x1fb ./device/usbd.o
 .debug_rnglists
                0x00000b54       0x46 ./device/usbd_control.o
 .debug_rnglists
                0x00000b9a      0x10c ./portable/synopsys/dwc2/dcd_dwc2.o
 .debug_rnglists
                0x00000ca6       0x40 ./portable/synopsys/dwc2/dwc2_common.o
 .debug_rnglists
                0x00000ce6       0x9d ./tusb.o

.debug_macro    0x00000000    0x289e8
 .debug_macro   0x00000000      0x3c3 ./Core/Src/main.o
 .debug_macro   0x000003c3      0xad8 ./Core/Src/main.o
 .debug_macro   0x00000e9b      0x29b ./Core/Src/main.o
 .debug_macro   0x00001136       0x2e ./Core/Src/main.o
 .debug_macro   0x00001164       0x28 ./Core/Src/main.o
 .debug_macro   0x0000118c       0x22 ./Core/Src/main.o
 .debug_macro   0x000011ae       0x8e ./Core/Src/main.o
 .debug_macro   0x0000123c       0x51 ./Core/Src/main.o
 .debug_macro   0x0000128d      0x103 ./Core/Src/main.o
 .debug_macro   0x00001390       0x6a ./Core/Src/main.o
 .debug_macro   0x000013fa      0x1df ./Core/Src/main.o
 .debug_macro   0x000015d9       0x1c ./Core/Src/main.o
 .debug_macro   0x000015f5       0x22 ./Core/Src/main.o
 .debug_macro   0x00001617       0xfb ./Core/Src/main.o
 .debug_macro   0x00001712     0x1011 ./Core/Src/main.o
 .debug_macro   0x00002723      0x11f ./Core/Src/main.o
 .debug_macro   0x00002842    0x17ff1 ./Core/Src/main.o
 .debug_macro   0x0001a833       0x6d ./Core/Src/main.o
 .debug_macro   0x0001a8a0     0x370a ./Core/Src/main.o
 .debug_macro   0x0001dfaa      0x190 ./Core/Src/main.o
 .debug_macro   0x0001e13a       0x5c ./Core/Src/main.o
 .debug_macro   0x0001e196      0xcba ./Core/Src/main.o
 .debug_macro   0x0001ee50      0x9e9 ./Core/Src/main.o
 .debug_macro   0x0001f839      0x115 ./Core/Src/main.o
 .debug_macro   0x0001f94e      0x156 ./Core/Src/main.o
 .debug_macro   0x0001faa4       0xa5 ./Core/Src/main.o
 .debug_macro   0x0001fb49      0x182 ./Core/Src/main.o
 .debug_macro   0x0001fccb      0x287 ./Core/Src/main.o
 .debug_macro   0x0001ff52       0x5f ./Core/Src/main.o
 .debug_macro   0x0001ffb1      0x236 ./Core/Src/main.o
 .debug_macro   0x000201e7      0x132 ./Core/Src/main.o
 .debug_macro   0x00020319      0x41d ./Core/Src/main.o
 .debug_macro   0x00020736       0x2e ./Core/Src/main.o
 .debug_macro   0x00020764      0x1a7 ./Core/Src/main.o
 .debug_macro   0x0002090b       0x46 ./Core/Src/main.o
 .debug_macro   0x00020951       0x4a ./Core/Src/main.o
 .debug_macro   0x0002099b      0x127 ./Core/Src/main.o
 .debug_macro   0x00020ac2       0xe2 ./Core/Src/main.o
 .debug_macro   0x00020ba4       0x89 ./Core/Src/main.o
 .debug_macro   0x00020c2d      0x293 ./Core/Src/main.o
 .debug_macro   0x00020ec0       0xba ./Core/Src/main.o
 .debug_macro   0x00020f7a      0x134 ./Core/Src/main.o
 .debug_macro   0x000210ae      0x130 ./Core/Src/main.o
 .debug_macro   0x000211de       0xa0 ./Core/Src/main.o
 .debug_macro   0x0002127e       0x22 ./Core/Src/main.o
 .debug_macro   0x000212a0       0x61 ./Core/Src/main.o
 .debug_macro   0x00021301       0x2a ./Core/Src/main.o
 .debug_macro   0x0002132b       0x43 ./Core/Src/main.o
 .debug_macro   0x0002136e       0x3a ./Core/Src/main.o
 .debug_macro   0x000213a8       0x3c ./Core/Src/main.o
 .debug_macro   0x000213e4      0x460 ./Core/Src/main.o
 .debug_macro   0x00021844      0x370 ./Core/Src/main.o
 .debug_macro   0x00021bb4       0x16 ./Core/Src/main.o
 .debug_macro   0x00021bca       0x4a ./Core/Src/main.o
 .debug_macro   0x00021c14       0x34 ./Core/Src/main.o
 .debug_macro   0x00021c48       0x10 ./Core/Src/main.o
 .debug_macro   0x00021c58       0x58 ./Core/Src/main.o
 .debug_macro   0x00021cb0       0x8e ./Core/Src/main.o
 .debug_macro   0x00021d3e       0x1c ./Core/Src/main.o
 .debug_macro   0x00021d5a      0x185 ./Core/Src/main.o
 .debug_macro   0x00021edf       0x10 ./Core/Src/main.o
 .debug_macro   0x00021eef       0x20 ./Core/Src/main.o
 .debug_macro   0x00021f0f      0x192 ./Core/Src/main.o
 .debug_macro   0x000220a1      0x3be ./Core/Src/main.o
 .debug_macro   0x0002245f       0x6b ./Core/Src/main.o
 .debug_macro   0x000224ca      0x110 ./Core/Src/main.o
 .debug_macro   0x000225da       0x3b ./Core/Src/main.o
 .debug_macro   0x00022615      0x211 ./Core/Src/main.o
 .debug_macro   0x00022826       0x46 ./Core/Src/main.o
 .debug_macro   0x0002286c       0x3c ./Core/Src/main.o
 .debug_macro   0x000228a8       0xc7 ./Core/Src/main.o
 .debug_macro   0x0002296f       0x10 ./Core/Src/main.o
 .debug_macro   0x0002297f       0x28 ./Core/Src/main.o
 .debug_macro   0x000229a7       0x25 ./Core/Src/main.o
 .debug_macro   0x000229cc       0x25 ./Core/Src/main.o
 .debug_macro   0x000229f1      0x44d ./Core/Src/main.o
 .debug_macro   0x00022e3e       0x6c ./Core/Src/main.o
 .debug_macro   0x00022eaa       0x3e ./Core/Src/main.o
 .debug_macro   0x00022ee8       0x20 ./Core/Src/main.o
 .debug_macro   0x00022f08      0x1fc ./Core/Src/stm32f4xx_hal_msp.o
 .debug_macro   0x00023104      0x3cd ./Core/Src/stm32f4xx_it.o
 .debug_macro   0x000234d1      0x1ed ./Core/Src/system_stm32f4xx.o
 .debug_macro   0x000236be      0x25d ./Core/Src/usb_descriptors.o
 .debug_macro   0x0002391b       0x89 ./Core/Src/usb_descriptors.o
 .debug_macro   0x000239a4      0x119 ./Core/Src/usb_descriptors.o
 .debug_macro   0x00023abd      0x24d ./Drivers/STM32F4xx_HAL_Driver/Src/stm32f4xx_hal.o
 .debug_macro   0x00023d0a      0x1ed ./Drivers/STM32F4xx_HAL_Driver/Src/stm32f4xx_hal_cortex.o
 .debug_macro   0x00023ef7      0x1f3 ./Drivers/STM32F4xx_HAL_Driver/Src/stm32f4xx_hal_dma.o
 .debug_macro   0x000240ea      0x1f3 ./Drivers/STM32F4xx_HAL_Driver/Src/stm32f4xx_hal_gpio.o
 .debug_macro   0x000242dd      0x1f5 ./Drivers/STM32F4xx_HAL_Driver/Src/stm32f4xx_hal_i2s.o
 .debug_macro   0x000244d2      0x1ed ./Drivers/STM32F4xx_HAL_Driver/Src/stm32f4xx_hal_i2s_ex.o
 .debug_macro   0x000246bf      0x1f9 ./Drivers/STM32F4xx_HAL_Driver/Src/stm32f4xx_hal_pcd.o
 .debug_macro   0x000248b8      0x211 ./Drivers/STM32F4xx_HAL_Driver/Src/stm32f4xx_hal_rcc.o
 .debug_macro   0x00024ac9      0x1ed ./Drivers/STM32F4xx_HAL_Driver/Src/stm32f4xx_hal_rcc_ex.o
 .debug_macro   0x00024cb6      0x1ed ./Drivers/STM32F4xx_HAL_Driver/Src/stm32f4xx_ll_usb.o
 .debug_macro   0x00024ea3      0x23e ./class/audio/audio_device.o
 .debug_macro   0x000250e1      0x447 ./class/audio/audio_device.o
 .debug_macro   0x00025528       0x2e ./class/audio/audio_device.o
 .debug_macro   0x00025556       0x10 ./class/audio/audio_device.o
 .debug_macro   0x00025566      0x213 ./common/tusb_fifo.o
 .debug_macro   0x00025779      0x268 ./device/usbd.o
 .debug_macro   0x000259e1       0x10 ./device/usbd.o
 .debug_macro   0x000259f1      0x250 ./device/usbd_control.o
 .debug_macro   0x00025c41      0x3ca ./portable/synopsys/dwc2/dcd_dwc2.o
 .debug_macro   0x0002600b     0x2368 ./portable/synopsys/dwc2/dcd_dwc2.o
 .debug_macro   0x00028373       0x56 ./portable/synopsys/dwc2/dcd_dwc2.o
 .debug_macro   0x000283c9       0x31 ./portable/synopsys/dwc2/dcd_dwc2.o
 .debug_macro   0x000283fa      0x3a2 ./portable/synopsys/dwc2/dwc2_common.o
 .debug_macro   0x0002879c      0x24c ./tusb.o

.debug_line     0x00000000    0x169cb
 .debug_line    0x00000000      0xcf0 ./Core/Src/main.o
 .debug_line    0x00000cf0      0x876 ./Core/Src/stm32f4xx_hal_msp.o
 .debug_line    0x00001566      0xc18 ./Core/Src/stm32f4xx_it.o
 .debug_line    0x0000217e      0x7eb ./Core/Src/system_stm32f4xx.o
 .debug_line    0x00002969      0x8c5 ./Core/Src/usb_descriptors.o
 .debug_line    0x0000322e       0x7a ./Core/Startup/startup_stm32f429zitx.o
 .debug_line    0x000032a8      0xa9d ./Drivers/STM32F4xx_HAL_Driver/Src/stm32f4xx_hal.o
 .debug_line    0x00003d45      0xd37 ./Drivers/STM32F4xx_HAL_Driver/Src/stm32f4xx_hal_cortex.o
 .debug_line    0x00004a7c      0xfd3 ./Drivers/STM32F4xx_HAL_Driver/Src/stm32f4xx_hal_dma.o
 .debug_line    0x00005a4f      0xbe7 ./Drivers/STM32F4xx_HAL_Driver/Src/stm32f4xx_hal_gpio.o
 .debug_line    0x00006636     0x13bf ./Drivers/STM32F4xx_HAL_Driver/Src/stm32f4xx_hal_i2s.o
 .debug_line    0x000079f5     0x12bf ./Drivers/STM32F4xx_HAL_Driver/Src/stm32f4xx_hal_i2s_ex.o
 .debug_line    0x00008cb4     0x14b2 ./Drivers/STM32F4xx_HAL_Driver/Src/stm32f4xx_hal_pcd.o
 .debug_line    0x0000a166      0xe76 ./Drivers/STM32F4xx_HAL_Driver/Src/stm32f4xx_hal_rcc.o
 .debug_line    0x0000afdc      0xcbf ./Drivers/STM32F4xx_HAL_Driver/Src/stm32f4xx_hal_rcc_ex.o
 .debug_line    0x0000bc9b     0x1d9b ./Drivers/STM32F4xx_HAL_Driver/Src/stm32f4xx_ll_usb.o
 .debug_line    0x0000da36     0x1cef ./class/audio/audio_device.o
 .debug_line    0x0000f725      0xfd3 ./common/tusb_fifo.o
 .debug_line    0x000106f8     0x1d66 ./device/usbd.o
 .debug_line    0x0001245e      0xa92 ./device/usbd_control.o
 .debug_line    0x00012ef0     0x1de3 ./portable/synopsys/dwc2/dcd_dwc2.o
 .debug_line    0x00014cd3      0xdd0 ./portable/synopsys/dwc2/dwc2_common.o
 .debug_line    0x00015aa3      0xf28 ./tusb.o

.debug_str      0x00000000    0xf3b8d
 .debug_str     0x00000000    0xf3b8d ./Core/Src/main.o
                              0xe27ee (size before relaxing)
 .debug_str     0x000f3b8d    0xcde8e ./Core/Src/stm32f4xx_hal_msp.o
 .debug_str     0x000f3b8d    0xe193f ./Core/Src/stm32f4xx_it.o
 .debug_str     0x000f3b8d    0xccae1 ./Core/Src/system_stm32f4xx.o
 .debug_str     0x000f3b8d    0x19c0e ./Core/Src/usb_descriptors.o
 .debug_str     0x000f3b8d       0x88 ./Core/Startup/startup_stm32f429zitx.o
 .debug_str     0x000f3b8d    0xcd704 ./Drivers/STM32F4xx_HAL_Driver/Src/stm32f4xx_hal.o
 .debug_str     0x000f3b8d    0xcd432 ./Drivers/STM32F4xx_HAL_Driver/Src/stm32f4xx_hal_cortex.o
 .debug_str     0x000f3b8d    0xccee8 ./Drivers/STM32F4xx_HAL_Driver/Src/stm32f4xx_hal_dma.o
 .debug_str     0x000f3b8d    0xccc5c ./Drivers/STM32F4xx_HAL_Driver/Src/stm32f4xx_hal_gpio.o
 .debug_str     0x000f3b8d    0xcd0bf ./Drivers/STM32F4xx_HAL_Driver/Src/stm32f4xx_hal_i2s.o
 .debug_str     0x000f3b8d    0xccfc1 ./Drivers/STM32F4xx_HAL_Driver/Src/stm32f4xx_hal_i2s_ex.o
 .debug_str     0x000f3b8d    0xcd5ac ./Drivers/STM32F4xx_HAL_Driver/Src/stm32f4xx_hal_pcd.o
 .debug_str     0x000f3b8d    0xccf15 ./Drivers/STM32F4xx_HAL_Driver/Src/stm32f4xx_hal_rcc.o
 .debug_str     0x000f3b8d    0xcccdc ./Drivers/STM32F4xx_HAL_Driver/Src/stm32f4xx_hal_rcc_ex.o
 .debug_str     0x000f3b8d    0xcd487 ./Drivers/STM32F4xx_HAL_Driver/Src/stm32f4xx_ll_usb.o
 .debug_str     0x000f3b8d    0x1a733 ./class/audio/audio_device.o
 .debug_str     0x000f3b8d     0xfc98 ./common/tusb_fifo.o
 .debug_str     0x000f3b8d    0x1a103 ./device/usbd.o
 .debug_str     0x000f3b8d    0x18d68 ./device/usbd_control.o
 .debug_str     0x000f3b8d    0xeddb5 ./portable/synopsys/dwc2/dcd_dwc2.o
 .debug_str     0x000f3b8d    0xe4de5 ./portable/synopsys/dwc2/dwc2_common.o
 .debug_str     0x000f3b8d    0x193b0 ./tusb.o

.comment        0x00000000       0x43
 .comment       0x00000000       0x43 ./Core/Src/main.o
                                 0x44 (size before relaxing)
 .comment       0x00000043       0x44 ./Core/Src/stm32f4xx_hal_msp.o
 .comment       0x00000043       0x44 ./Core/Src/stm32f4xx_it.o
 .comment       0x00000043       0x44 ./Core/Src/system_stm32f4xx.o
 .comment       0x00000043       0x44 ./Core/Src/usb_descriptors.o
 .comment       0x00000043       0x44 ./Drivers/STM32F4xx_HAL_Driver/Src/stm32f4xx_hal.o
 .comment       0x00000043       0x44 ./Drivers/STM32F4xx_HAL_Driver/Src/stm32f4xx_hal_cortex.o
 .comment       0x00000043       0x44 ./Drivers/STM32F4xx_HAL_Driver/Src/stm32f4xx_hal_dma.o
 .comment       0x00000043       0x44 ./Drivers/STM32F4xx_HAL_Driver/Src/stm32f4xx_hal_gpio.o
 .comment       0x00000043       0x44 ./Drivers/STM32F4xx_HAL_Driver/Src/stm32f4xx_hal_i2s.o
 .comment       0x00000043       0x44 ./Drivers/STM32F4xx_HAL_Driver/Src/stm32f4xx_hal_i2s_ex.o
 .comment       0x00000043       0x44 ./Drivers/STM32F4xx_HAL_Driver/Src/stm32f4xx_hal_pcd.o
 .comment       0x00000043       0x44 ./Drivers/STM32F4xx_HAL_Driver/Src/stm32f4xx_hal_rcc.o
 .comment       0x00000043       0x44 ./Drivers/STM32F4xx_HAL_Driver/Src/stm32f4xx_hal_rcc_ex.o
 .comment       0x00000043       0x44 ./Drivers/STM32F4xx_HAL_Driver/Src/stm32f4xx_ll_usb.o
 .comment       0x00000043       0x44 ./class/audio/audio_device.o
 .comment       0x00000043       0x44 ./common/tusb_fifo.o
 .comment       0x00000043       0x44 ./device/usbd.o
 .comment       0x00000043       0x44 ./device/usbd_control.o
 .comment       0x00000043       0x44 ./portable/synopsys/dwc2/dcd_dwc2.o
 .comment       0x00000043       0x44 ./portable/synopsys/dwc2/dwc2_common.o
 .comment       0x00000043       0x44 ./tusb.o

.debug_frame    0x00000000     0x463c
 .debug_frame   0x00000000       0xe8 ./Core/Src/main.o
 .debug_frame   0x000000e8       0xc8 ./Core/Src/stm32f4xx_hal_msp.o
 .debug_frame   0x000001b0      0x13c ./Core/Src/stm32f4xx_it.o
 .debug_frame   0x000002ec       0x58 ./Core/Src/system_stm32f4xx.o
 .debug_frame   0x00000344       0x7c ./Core/Src/usb_descriptors.o
 .debug_frame   0x000003c0      0x3b4 ./Drivers/STM32F4xx_HAL_Driver/Src/stm32f4xx_hal.o
 .debug_frame   0x00000774      0x508 ./Drivers/STM32F4xx_HAL_Driver/Src/stm32f4xx_hal_cortex.o
 .debug_frame   0x00000c7c      0x250 ./Drivers/STM32F4xx_HAL_Driver/Src/stm32f4xx_hal_dma.o
 .debug_frame   0x00000ecc      0x14c ./Drivers/STM32F4xx_HAL_Driver/Src/stm32f4xx_hal_gpio.o
 .debug_frame   0x00001018      0x484 ./Drivers/STM32F4xx_HAL_Driver/Src/stm32f4xx_hal_i2s.o
 .debug_frame   0x0000149c      0x220 ./Drivers/STM32F4xx_HAL_Driver/Src/stm32f4xx_hal_i2s_ex.o
 .debug_frame   0x000016bc      0x5b8 ./Drivers/STM32F4xx_HAL_Driver/Src/stm32f4xx_hal_pcd.o
 .debug_frame   0x00001c74      0x1f4 ./Drivers/STM32F4xx_HAL_Driver/Src/stm32f4xx_hal_rcc.o
 .debug_frame   0x00001e68      0x13c ./Drivers/STM32F4xx_HAL_Driver/Src/stm32f4xx_hal_rcc_ex.o
 .debug_frame   0x00001fa4      0x7c0 ./Drivers/STM32F4xx_HAL_Driver/Src/stm32f4xx_ll_usb.o
 .debug_frame   0x00002764      0x6d8 ./class/audio/audio_device.o
 .debug_frame   0x00002e3c      0x3b4 ./common/tusb_fifo.o
 .debug_frame   0x000031f0      0x854 ./device/usbd.o
 .debug_frame   0x00003a44      0x15c ./device/usbd_control.o
 .debug_frame   0x00003ba0      0x510 ./portable/synopsys/dwc2/dcd_dwc2.o
 .debug_frame   0x000040b0      0x144 ./portable/synopsys/dwc2/dwc2_common.o
 .debug_frame   0x000041f4      0x374 ./tusb.o
 .debug_frame   0x00004568       0x20 C:/ST/STM32CubeIDE_1.19.0/STM32CubeIDE/plugins/com.st.stm32cube.ide.mcu.externaltools.gnu-tools-for-stm32.13.3.rel1.win32_1.0.0.202411081344/tools/bin/../lib/gcc/arm-none-eabi/13.3.1/../../../../arm-none-eabi/lib/thumb/v7e-m+fp/hard\libc_nano.a(libc_a-memset.o)
 .debug_frame   0x00004588       0x2c C:/ST/STM32CubeIDE_1.19.0/STM32CubeIDE/plugins/com.st.stm32cube.ide.mcu.externaltools.gnu-tools-for-stm32.13.3.rel1.win32_1.0.0.202411081344/tools/bin/../lib/gcc/arm-none-eabi/13.3.1/../../../../arm-none-eabi/lib/thumb/v7e-m+fp/hard\libc_nano.a(libc_a-init.o)
 .debug_frame   0x000045b4       0x28 C:/ST/STM32CubeIDE_1.19.0/STM32CubeIDE/plugins/com.st.stm32cube.ide.mcu.externaltools.gnu-tools-for-stm32.13.3.rel1.win32_1.0.0.202411081344/tools/bin/../lib/gcc/arm-none-eabi/13.3.1/../../../../arm-none-eabi/lib/thumb/v7e-m+fp/hard\libc_nano.a(libc_a-memcpy-stub.o)
 .debug_frame   0x000045dc       0x2c C:/ST/STM32CubeIDE_1.19.0/STM32CubeIDE/plugins/com.st.stm32cube.ide.mcu.externaltools.gnu-tools-for-stm32.13.3.rel1.win32_1.0.0.202411081344/tools/bin/../lib/gcc/arm-none-eabi/13.3.1/thumb/v7e-m+fp/hard\libgcc.a(_aeabi_uldivmod.o)
 .debug_frame   0x00004608       0x34 C:/ST/STM32CubeIDE_1.19.0/STM32CubeIDE/plugins/com.st.stm32cube.ide.mcu.externaltools.gnu-tools-for-stm32.13.3.rel1.win32_1.0.0.202411081344/tools/bin/../lib/gcc/arm-none-eabi/13.3.1/thumb/v7e-m+fp/hard\libgcc.a(_udivmoddi4.o)

.debug_line_str
                0x00000000       0x6c
 .debug_line_str
                0x00000000       0x6c ./Core/Startup/startup_stm32f429zitx.o
