../tusb.c:48:19:tusb_time_delay_ms_api	24	static
../tusb.c:58:20:tusb_app_virt_to_phys	16	static
../tusb.c:62:20:tusb_app_phys_to_virt	16	static
../tusb.c:69:6:tusb_rhport_init	32	static,ignoring_inline_asm
../tusb.c:116:6:tusb_inited	16	static
../tusb.c:134:6:tusb_int_handler	16	static
../tusb.c:151:6:tusb_deinit	24	static,ignoring_inline_asm
../tusb.c:178:16:tu_desc_find	24	static
../tusb.c:188:16:tu_desc_find2	24	static
../tusb.c:198:16:tu_desc_find3	24	static
../tusb.c:212:6:tu_edpt_claim	24	static
../tusb.c:230:6:tu_edpt_release	24	static
../tusb.c:280:6:tu_bind_driver_to_ep_itf	80	static,ignoring_inline_asm
../tusb.c:308:6:tu_edpt_stream_init	16	static
../tusb.c:332:13:stream_claim	16	static
../tusb.c:346:13:stream_xfer	32	static
../tusb.c:363:13:stream_release	16	static
../tusb.c:379:6:tu_edpt_stream_write_zlp_if_needed	32	static,ignoring_inline_asm
../tusb.c:387:10:tu_edpt_stream_write_xfer	80	static,ignoring_inline_asm
../tusb.c:411:10:tu_edpt_stream_write	64	static
../tusb.c:423:10:tu_edpt_stream_write_available	40	static
../tusb.c:430:10:tu_edpt_stream_read_xfer	80	static,ignoring_inline_asm
../tusb.c:454:10:tu_edpt_stream_read	40	static
