../Drivers/CMSIS/Include/core_cm4.h:1684:22:__NVIC_EnableIRQ	16	static,ignoring_inline_asm
../Drivers/CMSIS/Include/core_cm4.h:1722:22:__NVIC_DisableIRQ	16	static,ignoring_inline_asm
../portable/synopsys/dwc2/dcd_dwc2.c:132:13:dma_setup_prepare	32	static
../portable/synopsys/dwc2/dcd_dwc2.c:198:13:dfifo_alloc	72	static,ignoring_inline_asm
../portable/synopsys/dwc2/dcd_dwc2.c:247:13:dfifo_device_init	40	static
../portable/synopsys/dwc2/dcd_dwc2.c:268:13:edpt_activate	48	static
../portable/synopsys/dwc2/dcd_dwc2.c:300:13:edpt_disable	56	static
../portable/synopsys/dwc2/dcd_dwc2.c:355:13:edpt_schedule_packets	64	static
../portable/synopsys/dwc2/dcd_dwc2.c:431:6:dcd_configure	32	static
../portable/synopsys/dwc2/dcd_dwc2.c:440:6:dcd_init	56	static,ignoring_inline_asm
../portable/synopsys/dwc2/dcd_dwc2.c:494:6:dcd_int_enable	24	static
../portable/synopsys/dwc2/dcd_dwc2.c:498:6:dcd_int_disable	24	static
../portable/synopsys/dwc2/dcd_dwc2.c:502:6:dcd_set_address	32	static
../portable/synopsys/dwc2/dcd_dwc2.c:510:6:dcd_remote_wakeup	32	static,ignoring_inline_asm
../portable/synopsys/dwc2/dcd_dwc2.c:528:6:dcd_connect	24	static
../portable/synopsys/dwc2/dcd_dwc2.c:545:6:dcd_disconnect	24	static
../portable/synopsys/dwc2/dcd_dwc2.c:563:6:dcd_sof_enable	24	static
../portable/synopsys/dwc2/dcd_dwc2.c:581:6:dcd_edpt_open	24	static,ignoring_inline_asm
../portable/synopsys/dwc2/dcd_dwc2.c:589:6:dcd_edpt_close_all	56	static
../portable/synopsys/dwc2/dcd_dwc2.c:617:6:dcd_edpt_iso_alloc	24	static,ignoring_inline_asm
../portable/synopsys/dwc2/dcd_dwc2.c:622:6:dcd_edpt_iso_activate	16	static
../portable/synopsys/dwc2/dcd_dwc2.c:629:6:dcd_edpt_xfer	32	static
../portable/synopsys/dwc2/dcd_dwc2.c:665:6:dcd_edpt_xfer_fifo	32	static
../portable/synopsys/dwc2/dcd_dwc2.c:693:6:dcd_edpt_stall	32	static
../portable/synopsys/dwc2/dcd_dwc2.c:705:6:dcd_edpt_clear_stall	32	static
../portable/synopsys/dwc2/dcd_dwc2.c:722:13:handle_bus_reset	72	static
../portable/synopsys/dwc2/dcd_dwc2.c:786:13:handle_enum_done	48	static
../portable/synopsys/dwc2/dcd_dwc2.c:829:17:epin_write_tx_fifo	72	static
../portable/synopsys/dwc2/dcd_dwc2.c:863:13:handle_rxflvl_irq	80	static
../portable/synopsys/dwc2/dcd_dwc2.c:929:13:handle_epout_slave	72	static
../portable/synopsys/dwc2/dcd_dwc2.c:957:13:handle_epin_slave	64	static
../portable/synopsys/dwc2/dcd_dwc2.c:1049:13:handle_ep_irq	72	static
../portable/synopsys/dwc2/dcd_dwc2.c:1091:13:handle_incomplete_iso_in	96	static
../portable/synopsys/dwc2/dcd_dwc2.c:1140:6:dcd_int_handler	104	static
