../device/usbd.c:48:19:tud_event_hook_cb	16	static
../device/usbd.c:52:19:tud_sof_cb	16	static
../device/usbd.c:56:29:tud_descriptor_bos_cb	4	static
../device/usbd.c:60:29:tud_descriptor_device_qualifier_cb	4	static
../device/usbd.c:64:29:tud_descriptor_other_speed_configuration_cb	16	static
../device/usbd.c:69:19:tud_mount_cb	4	static
../device/usbd.c:72:19:tud_umount_cb	4	static
../device/usbd.c:75:19:tud_suspend_cb	16	static
../device/usbd.c:79:19:tud_resume_cb	4	static
../device/usbd.c:82:19:tud_vendor_control_xfer_cb	16	static
../device/usbd.c:87:19:dcd_deinit	16	static
../device/usbd.c:92:19:dcd_connect	16	static
../device/usbd.c:96:19:dcd_disconnect	16	static
../device/usbd.c:100:19:dcd_dcache_clean	16	static
../device/usbd.c:105:19:dcd_dcache_invalidate	16	static
../device/usbd.c:110:19:dcd_dcache_clean_invalidate	16	static
../device/usbd.c:418:41:usbd_app_driver_get_cb	16	static
../device/usbd.c:423:19:dcd_edpt_xfer_fifo	16	static
../device/usbd.c:428:19:dcd_configure	24	static
../device/usbd.c:465:14:tud_speed_get	4	static
../device/usbd.c:469:6:tud_connected	4	static
../device/usbd.c:473:6:tud_mounted	4	static
../device/usbd.c:477:6:tud_suspended	4	static
../device/usbd.c:481:6:tud_remote_wakeup	8	static
../device/usbd.c:488:6:tud_disconnect	8	static
../device/usbd.c:493:6:tud_connect	8	static
../device/usbd.c:498:6:tud_sof_cb_enable	16	static
../device/usbd.c:502:6:tud_inited	4	static
../device/usbd.c:506:6:tud_configure	24	static
../device/usbd.c:510:6:tud_rhport_init	64	static,ignoring_inline_asm
../device/usbd.c:576:6:tud_deinit	40	static
../device/usbd.c:622:13:configuration_reset	40	static,ignoring_inline_asm
../device/usbd.c:634:13:usbd_reset	16	static
../device/usbd.c:639:6:tud_task_event_ready	24	static
../device/usbd.c:661:6:tud_task_ext	104	static,ignoring_inline_asm
../device/usbd.c:805:13:invoke_class_control	24	static
../device/usbd.c:813:13:process_control_request	112	static,ignoring_inline_asm
../device/usbd.c:1064:13:process_set_config	120	static,ignoring_inline_asm
../device/usbd.c:1116:13:process_get_descriptor	88	static,ignoring_inline_asm
../device/usbd.c:1207:24:dcd_event_handler	200	static,ignoring_inline_asm
../device/usbd.c:1306:6:usbd_int_set	16	static
../device/usbd.c:1314:6:usbd_spin_lock	24	static
../device/usbd.c:1317:6:usbd_spin_unlock	24	static
../device/usbd.c:1322:6:usbd_open_edpt_pair	48	static,ignoring_inline_asm
../device/usbd.c:1343:6:usbd_defer_func	72	static,ignoring_inline_asm
../device/usbd.c:1358:6:usbd_edpt_open	40	static,ignoring_inline_asm
../device/usbd.c:1367:6:usbd_edpt_claim	32	static
../device/usbd.c:1380:6:usbd_edpt_release	32	static
../device/usbd.c:1390:6:usbd_edpt_xfer	40	static,ignoring_inline_asm
../device/usbd.c:1429:6:usbd_edpt_xfer_fifo	40	static,ignoring_inline_asm
../device/usbd.c:1466:6:usbd_edpt_busy	24	static
../device/usbd.c:1475:6:usbd_edpt_stall	24	static
../device/usbd.c:1488:6:usbd_edpt_clear_stall	24	static
../device/usbd.c:1501:6:usbd_edpt_stalled	24	static
../device/usbd.c:1514:6:usbd_edpt_close	16	static
../device/usbd.c:1535:6:usbd_sof_enable	24	static
../device/usbd.c:1552:6:usbd_edpt_iso_alloc	24	static,ignoring_inline_asm
../device/usbd.c:1564:6:usbd_edpt_iso_activate	40	static,ignoring_inline_asm
